Archive member included to satisfy reference by file (symbol)

/opt/st/stm32cubeide_1.16.0/plugins/com.st.stm32cube.ide.mcu.externaltools.gnu-tools-for-stm32.12.3.rel1.linux64_1.0.200.202406132123/tools/bin/../lib/gcc/arm-none-eabi/12.3.1/../../../../arm-none-eabi/lib/thumb/v7-m/nofp/libc_nano.a(libc_a-exit.o)
                              /opt/st/stm32cubeide_1.16.0/plugins/com.st.stm32cube.ide.mcu.externaltools.gnu-tools-for-stm32.12.3.rel1.linux64_1.0.200.202406132123/tools/bin/../lib/gcc/arm-none-eabi/12.3.1/../../../../arm-none-eabi/lib/thumb/v7-m/nofp/crt0.o (exit)
/opt/st/stm32cubeide_1.16.0/plugins/com.st.stm32cube.ide.mcu.externaltools.gnu-tools-for-stm32.12.3.rel1.linux64_1.0.200.202406132123/tools/bin/../lib/gcc/arm-none-eabi/12.3.1/../../../../arm-none-eabi/lib/thumb/v7-m/nofp/libc_nano.a(libc_a-findfp.o)
                              /opt/st/stm32cubeide_1.16.0/plugins/com.st.stm32cube.ide.mcu.externaltools.gnu-tools-for-stm32.12.3.rel1.linux64_1.0.200.202406132123/tools/bin/../lib/gcc/arm-none-eabi/12.3.1/../../../../arm-none-eabi/lib/thumb/v7-m/nofp/libc_nano.a(libc_a-exit.o) (__stdio_exit_handler)
/opt/st/stm32cubeide_1.16.0/plugins/com.st.stm32cube.ide.mcu.externaltools.gnu-tools-for-stm32.12.3.rel1.linux64_1.0.200.202406132123/tools/bin/../lib/gcc/arm-none-eabi/12.3.1/../../../../arm-none-eabi/lib/thumb/v7-m/nofp/libc_nano.a(libc_a-fwalk.o)
                              /opt/st/stm32cubeide_1.16.0/plugins/com.st.stm32cube.ide.mcu.externaltools.gnu-tools-for-stm32.12.3.rel1.linux64_1.0.200.202406132123/tools/bin/../lib/gcc/arm-none-eabi/12.3.1/../../../../arm-none-eabi/lib/thumb/v7-m/nofp/libc_nano.a(libc_a-findfp.o) (_fwalk_sglue)
/opt/st/stm32cubeide_1.16.0/plugins/com.st.stm32cube.ide.mcu.externaltools.gnu-tools-for-stm32.12.3.rel1.linux64_1.0.200.202406132123/tools/bin/../lib/gcc/arm-none-eabi/12.3.1/../../../../arm-none-eabi/lib/thumb/v7-m/nofp/libc_nano.a(libc_a-stdio.o)
                              /opt/st/stm32cubeide_1.16.0/plugins/com.st.stm32cube.ide.mcu.externaltools.gnu-tools-for-stm32.12.3.rel1.linux64_1.0.200.202406132123/tools/bin/../lib/gcc/arm-none-eabi/12.3.1/../../../../arm-none-eabi/lib/thumb/v7-m/nofp/libc_nano.a(libc_a-findfp.o) (__sread)
/opt/st/stm32cubeide_1.16.0/plugins/com.st.stm32cube.ide.mcu.externaltools.gnu-tools-for-stm32.12.3.rel1.linux64_1.0.200.202406132123/tools/bin/../lib/gcc/arm-none-eabi/12.3.1/../../../../arm-none-eabi/lib/thumb/v7-m/nofp/libc_nano.a(libc_a-vsprintf.o)
                              ./Core/Src/bootloader.o (vsprintf)
/opt/st/stm32cubeide_1.16.0/plugins/com.st.stm32cube.ide.mcu.externaltools.gnu-tools-for-stm32.12.3.rel1.linux64_1.0.200.202406132123/tools/bin/../lib/gcc/arm-none-eabi/12.3.1/../../../../arm-none-eabi/lib/thumb/v7-m/nofp/libc_nano.a(libc_a-memcmp.o)
                              ./Core/Src/bootloader.o (memcmp)
/opt/st/stm32cubeide_1.16.0/plugins/com.st.stm32cube.ide.mcu.externaltools.gnu-tools-for-stm32.12.3.rel1.linux64_1.0.200.202406132123/tools/bin/../lib/gcc/arm-none-eabi/12.3.1/../../../../arm-none-eabi/lib/thumb/v7-m/nofp/libc_nano.a(libc_a-memset.o)
                              /opt/st/stm32cubeide_1.16.0/plugins/com.st.stm32cube.ide.mcu.externaltools.gnu-tools-for-stm32.12.3.rel1.linux64_1.0.200.202406132123/tools/bin/../lib/gcc/arm-none-eabi/12.3.1/../../../../arm-none-eabi/lib/thumb/v7-m/nofp/crt0.o (memset)
/opt/st/stm32cubeide_1.16.0/plugins/com.st.stm32cube.ide.mcu.externaltools.gnu-tools-for-stm32.12.3.rel1.linux64_1.0.200.202406132123/tools/bin/../lib/gcc/arm-none-eabi/12.3.1/../../../../arm-none-eabi/lib/thumb/v7-m/nofp/libc_nano.a(libc_a-closer.o)
                              /opt/st/stm32cubeide_1.16.0/plugins/com.st.stm32cube.ide.mcu.externaltools.gnu-tools-for-stm32.12.3.rel1.linux64_1.0.200.202406132123/tools/bin/../lib/gcc/arm-none-eabi/12.3.1/../../../../arm-none-eabi/lib/thumb/v7-m/nofp/libc_nano.a(libc_a-stdio.o) (_close_r)
/opt/st/stm32cubeide_1.16.0/plugins/com.st.stm32cube.ide.mcu.externaltools.gnu-tools-for-stm32.12.3.rel1.linux64_1.0.200.202406132123/tools/bin/../lib/gcc/arm-none-eabi/12.3.1/../../../../arm-none-eabi/lib/thumb/v7-m/nofp/libc_nano.a(libc_a-reent.o)
                              /opt/st/stm32cubeide_1.16.0/plugins/com.st.stm32cube.ide.mcu.externaltools.gnu-tools-for-stm32.12.3.rel1.linux64_1.0.200.202406132123/tools/bin/../lib/gcc/arm-none-eabi/12.3.1/../../../../arm-none-eabi/lib/thumb/v7-m/nofp/libc_nano.a(libc_a-closer.o) (errno)
/opt/st/stm32cubeide_1.16.0/plugins/com.st.stm32cube.ide.mcu.externaltools.gnu-tools-for-stm32.12.3.rel1.linux64_1.0.200.202406132123/tools/bin/../lib/gcc/arm-none-eabi/12.3.1/../../../../arm-none-eabi/lib/thumb/v7-m/nofp/libc_nano.a(libc_a-impure.o)
                              /opt/st/stm32cubeide_1.16.0/plugins/com.st.stm32cube.ide.mcu.externaltools.gnu-tools-for-stm32.12.3.rel1.linux64_1.0.200.202406132123/tools/bin/../lib/gcc/arm-none-eabi/12.3.1/../../../../arm-none-eabi/lib/thumb/v7-m/nofp/libc_nano.a(libc_a-vsprintf.o) (_impure_ptr)
[...]
Memory Configuration

Name             Origin             Length             Attributes
RAM              0x20000000         0x00005000         xrw
FLASH            0x08000000         0x00010000         xr
*default*        0x00000000         0xffffffff

Linker script and memory map

LOAD /opt/st/stm32cubeide_1.16.0/plugins/com.st.stm32cube.ide.mcu.externaltools.gnu-tools-for-stm32.12.3.rel1.linux64_1.0.200.202406132123/tools/bin/../lib/gcc/arm-none-eabi/12.3.1/thumb/v7-m/nofp/crti.o
LOAD /opt/st/stm32cubeide_1.16.0/plugins/com.st.stm32cube.ide.mcu.externaltools.gnu-tools-for-stm32.12.3.rel1.linux64_1.0.200.202406132123/tools/bin/../lib/gcc/arm-none-eabi/12.3.1/thumb/v7-m/nofp/crtbegin.o
LOAD /opt/st/stm32cubeide_1.16.0/plugins/com.st.stm32cube.ide.mcu.externaltools.gnu-tools-for-stm32.12.3.rel1.linux64_1.0.200.202406132123/tools/bin/../lib/gcc/arm-none-eabi/12.3.1/../../../../arm-none-eabi/lib/thumb/v7-m/nofp/crt0.o
LOAD ./Core/Src/bootloader.o
LOAD ./Core/Src/crc.o
LOAD ./Core/Src/main.o
LOAD ./Core/Src/stm32f1xx_hal_msp.o
LOAD ./Core/Src/stm32f1xx_it.o
LOAD ./Core/Src/syscalls.o
LOAD ./Core/Src/sysmem.o
LOAD ./Core/Src/system_stm32f1xx.o
LOAD ./Core/Startup/startup_stm32f103c8tx.o
LOAD ./Drivers/STM32F1xx_HAL_Driver/Src/stm32f1xx_hal.o
LOAD ./Drivers/STM32F1xx_HAL_Driver/Src/stm32f1xx_hal_cortex.o
LOAD ./Drivers/STM32F1xx_HAL_Driver/Src/stm32f1xx_hal_dma.o
LOAD ./Drivers/STM32F1xx_HAL_Driver/Src/stm32f1xx_hal_exti.o
LOAD ./Drivers/STM32F1xx_HAL_Driver/Src/stm32f1xx_hal_flash.o
LOAD ./Drivers/STM32F1xx_HAL_Driver/Src/stm32f1xx_hal_flash_ex.o
LOAD ./Drivers/STM32F1xx_HAL_Driver/Src/stm32f1xx_hal_gpio.o
LOAD ./Drivers/STM32F1xx_HAL_Driver/Src/stm32f1xx_hal_gpio_ex.o
LOAD ./Drivers/STM32F1xx_HAL_Driver/Src/stm32f1xx_hal_pwr.o
LOAD ./Drivers/STM32F1xx_HAL_Driver/Src/stm32f1xx_hal_rcc.o
LOAD ./Drivers/STM32F1xx_HAL_Driver/Src/stm32f1xx_hal_rcc_ex.o
LOAD ./Drivers/STM32F1xx_HAL_Driver/Src/stm32f1xx_hal_tim.o
LOAD ./Drivers/STM32F1xx_HAL_Driver/Src/stm32f1xx_hal_tim_ex.o
LOAD ./Drivers/STM32F1xx_HAL_Driver/Src/stm32f1xx_hal_uart.o
LOAD ./mbedtls/library/aes.o
LOAD ./mbedtls/library/platform.o
LOAD ./mbedtls/library/platform_util.o
LOAD ./mbedtls/library/sha256.o
START GROUP
LOAD /opt/st/stm32cubeide_1.16.0/plugins/com.st.stm32cube.ide.mcu.externaltools.gnu-tools-for-stm32.12.3.rel1.linux64_1.0.200.202406132123/tools/bin/../lib/gcc/arm-none-eabi/12.3.1/../../../../arm-none-eabi/lib/thumb/v7-m/nofp/libc_nano.a
LOAD /opt/st/stm32cubeide_1.16.0/plugins/com.st.stm32cube.ide.mcu.externaltools.gnu-tools-for-stm32.12.3.rel1.linux64_1.0.200.202406132123/tools/bin/../lib/gcc/arm-none-eabi/12.3.1/../../../../arm-none-eabi/lib/thumb/v7-m/nofp/libm.a
END GROUP
START GROUP
LOAD /opt/st/stm32cubeide_1.16.0/plugins/com.st.stm32cube.ide.mcu.externaltools.gnu-tools-for-stm32.12.3.rel1.linux64_1.0.200.202406132123/tools/bin/../lib/gcc/arm-none-eabi/12.3.1/thumb/v7-m/nofp/libgcc.a
LOAD /opt/st/stm32cubeide_1.16.0/plugins/com.st.stm32cube.ide.mcu.externaltools.gnu-tools-for-stm32.12.3.rel1.linux64_1.0.200.202406132123/tools/bin/../lib/gcc/arm-none-eabi/12.3.1/../../../../arm-none-eabi/lib/thumb/v7-m/nofp/libc_nano.a
END GROUP
START GROUP
LOAD /opt/st/stm32cubeide_1.16.0/plugins/com.st.stm32cube.ide.mcu.externaltools.gnu-tools-for-stm32.12.3.rel1.linux64_1.0.200.202406132123/tools/bin/../lib/gcc/arm-none-eabi/12.3.1/thumb/v7-m/nofp/libgcc.a
LOAD /opt/st/stm32cubeide_1.16.0/plugins/com.st.stm32cube.ide.mcu.externaltools.gnu-tools-for-stm32.12.3.rel1.linux64_1.0.200.202406132123/tools/bin/../lib/gcc/arm-none-eabi/12.3.1/../../../../arm-none-eabi/lib/thumb/v7-m/nofp/libc_nano.a
LOAD /opt/st/stm32cubeide_1.16.0/plugins/com.st.stm32cube.ide.mcu.externaltools.gnu-tools-for-stm32.12.3.rel1.linux64_1.0.200.202406132123/tools/bin/../lib/gcc/arm-none-eabi/12.3.1/../../../../arm-none-eabi/lib/thumb/v7-m/nofp/libnosys.a
END GROUP
START GROUP
LOAD /opt/st/stm32cubeide_1.16.0/plugins/com.st.stm32cube.ide.mcu.externaltools.gnu-tools-for-stm32.12.3.rel1.linux64_1.0.200.202406132123/tools/bin/../lib/gcc/arm-none-eabi/12.3.1/thumb/v7-m/nofp/libgcc.a
LOAD /opt/st/stm32cubeide_1.16.0/plugins/com.st.stm32cube.ide.mcu.externaltools.gnu-tools-for-stm32.12.3.rel1.linux64_1.0.200.202406132123/tools/bin/../lib/gcc/arm-none-eabi/12.3.1/../../../../arm-none-eabi/lib/thumb/v7-m/nofp/libc_nano.a
LOAD /opt/st/stm32cubeide_1.16.0/plugins/com.st.stm32cube.ide.mcu.externaltools.gnu-tools-for-stm32.12.3.rel1.linux64_1.0.200.202406132123/tools/bin/../lib/gcc/arm-none-eabi/12.3.1/../../../../arm-none-eabi/lib/thumb/v7-m/nofp/libnosys.a
END GROUP
LOAD /opt/st/stm32cubeide_1.16.0/plugins/com.st.stm32cube.ide.mcu.externaltools.gnu-tools-for-stm32.12.3.rel1.linux64_1.0.200.202406132123/tools/bin/../lib/gcc/arm-none-eabi/12.3.1/thumb/v7-m/nofp/crtend.o
LOAD /opt/st/stm32cubeide_1.16.0/plugins/com.st.stm32cube.ide.mcu.externaltools.gnu-tools-for-stm32.12.3.rel1.linux64_1.0.200.202406132123/tools/bin/../lib/gcc/arm-none-eabi/12.3.1/thumb/v7-m/nofp/crtn.o
                0x20005000                        _estack = (ORIGIN (RAM) + LENGTH (RAM))
                0x00000200                        _Min_Heap_Size = 0x200
                0x00000400                        _Min_Stack_Size = 0x400

.isr_vector     0x08000000      0x10c
                0x08000000                        . = ALIGN (0x4)
 *(.isr_vector)
 .isr_vector    0x08000000      0x10c ./Core/Startup/startup_stm32f103c8tx.o
                0x08000000                g_pfnVectors
                0x0800010c                        . = ALIGN (0x4)

.text           0x0800010c     0x3794
                0x0800010c                        . = ALIGN (0x4)
 *(.text)
 .text          0x0800010c       0x40 /opt/st/stm32cubeide_1.16.0/plugins/com.st.stm32cube.ide.mcu.externaltools.gnu-tools-for-stm32.12.3.rel1.linux64_1.0.200.202406132123/tools/bin/../lib/gcc/arm-none-eabi/12.3.1/thumb/v7-m/nofp/crtbegin.o
 .text          0x0800014c       0x10 /opt/st/stm32cubeide_1.16.0/plugins/com.st.stm32cube.ide.mcu.externaltools.gnu-tools-for-stm32.12.3.rel1.linux64_1.0.200.202406132123/tools/bin/../lib/gcc/arm-none-eabi/12.3.1/../../../../arm-none-eabi/lib/thumb/v7-m/nofp/libc_nano.a(libc_a-strlen.o)
                0x0800014c                strlen
 *(.text*)
 .text.Bootloader_EraseFlash
                0x0800015c       0x40 ./Core/Src/bootloader.o
 .text.BL_WriteAppsInfoToFlash
                0x0800019c       0x48 ./Core/Src/bootloader.o
                0x0800019c                BL_WriteAppsInfoToFlash
 .text.BL_VerifyApplication
                0x080001e4       0x5c ./Core/Src/bootloader.o
                0x080001e4                BL_VerifyApplication
 .text.Get_CurrentBL_Info
                0x08000240       0x10 ./Core/Src/bootloader.o
                0x08000240                Get_CurrentBL_Info
 .text.BL_SendAck
                0x08000250       0x20 ./Core/Src/bootloader.o
                0x08000250                BL_SendAck
 .text.BL_InstallApplication
                0x08000270       0x90 ./Core/Src/bootloader.o
                0x08000270                BL_InstallApplication
 .text.Set_ValidUpdate
                0x08000300       0x6c ./Core/Src/bootloader.o
                0x08000300                Set_ValidUpdate
 .text.Bootloader_UpdateAPP.isra.0
                0x0800036c      0x1c4 ./Core/Src/bootloader.o
 .text.BL_JumpToApplication
                0x08000530       0x28 ./Core/Src/bootloader.o
                0x08000530                BL_JumpToApplication
 .text.BL_JumpToApplication_Wrapper
                0x08000558        0xc ./Core/Src/bootloader.o
                0x08000558                BL_JumpToApplication_Wrapper
 .text.BL_Init  0x08000564        0xc ./Core/Src/bootloader.o
                0x08000564                BL_Init
 .text.BL_SendMSG
                0x08000570       0x58 ./Core/Src/bootloader.o
                0x08000570                BL_SendMSG
 .text.generate_random_number
                0x080005c8       0x1c ./Core/Src/bootloader.o
                0x080005c8                generate_random_number
 .text.Bootloader_MemRead
                0x080005e4      0x134 ./Core/Src/bootloader.o
                0x080005e4                Bootloader_MemRead
 .text.BL_FetchUARTCommand
                0x08000718      0x188 ./Core/Src/bootloader.o
                0x08000718                BL_FetchUARTCommand
 .text.CRC32_Init
                0x080008a0       0x18 ./Core/Src/crc.o
                0x080008a0                CRC32_Init
 .text.CRC32_Calculate
                0x080008b8       0x2c ./Core/Src/crc.o
                0x080008b8                CRC32_Calculate
 .text.CRC32_ResetCRC
                0x080008e4        0x6 ./Core/Src/crc.o
                0x080008e4                CRC32_ResetCRC
 .text.SystemClock_Config
                0x080008ea       0x50 ./Core/Src/main.o
                0x080008ea                SystemClock_Config
 *fill*         0x0800093a        0x2 
 .text.startup.main
                0x0800093c      0x114 ./Core/Src/main.o
                0x0800093c                main
 .text.HAL_MspInit
                0x08000a50       0x44 ./Core/Src/stm32f1xx_hal_msp.o
                0x08000a50                HAL_MspInit
 .text.HAL_UART_MspInit
                0x08000a94       0xe4 ./Core/Src/stm32f1xx_hal_msp.o
                0x08000a94                HAL_UART_MspInit
 .text.NMI_Handler
                0x08000b78        0x2 ./Core/Src/stm32f1xx_it.o
                0x08000b78                NMI_Handler
 .text.HardFault_Handler
                0x08000b7a        0x2 ./Core/Src/stm32f1xx_it.o
                0x08000b7a                HardFault_Handler
 .text.MemManage_Handler
                0x08000b7c        0x2 ./Core/Src/stm32f1xx_it.o
                0x08000b7c                MemManage_Handler
 .text.BusFault_Handler
                0x08000b7e        0x2 ./Core/Src/stm32f1xx_it.o
                0x08000b7e                BusFault_Handler
 .text.UsageFault_Handler
                0x08000b80        0x2 ./Core/Src/stm32f1xx_it.o
                0x08000b80                UsageFault_Handler
 .text.SVC_Handler
                0x08000b82        0x2 ./Core/Src/stm32f1xx_it.o
                0x08000b82                SVC_Handler
 .text.DebugMon_Handler
                0x08000b84        0x2 ./Core/Src/stm32f1xx_it.o
                0x08000b84                DebugMon_Handler
 .text.PendSV_Handler
                0x08000b86        0x2 ./Core/Src/stm32f1xx_it.o
                0x08000b86                PendSV_Handler
 .text.SysTick_Handler
                0x08000b88        0x4 ./Core/Src/stm32f1xx_it.o
                0x08000b88                SysTick_Handler
 .text._sbrk    0x08000b8c       0x40 ./Core/Src/sysmem.o
                0x08000b8c                _sbrk
 .text.SystemInit
                0x08000bcc        0x2 ./Core/Src/system_stm32f1xx.o
                0x08000bcc                SystemInit
 *fill*         0x08000bce        0x2 
 .text.Reset_Handler
                0x08000bd0       0x48 ./Core/Startup/startup_stm32f103c8tx.o
                0x08000bd0                Reset_Handler
 .text.Default_Handler
                0x08000c18        0x2 ./Core/Startup/startup_stm32f103c8tx.o
                0x08000c18                RTC_Alarm_IRQHandler
                0x08000c18                EXTI2_IRQHandler
                0x08000c18                TIM1_CC_IRQHandler
                0x08000c18                PVD_IRQHandler
                0x08000c18                EXTI3_IRQHandler
                0x08000c18                EXTI0_IRQHandler
                0x08000c18                I2C2_EV_IRQHandler
                0x08000c18                ADC1_2_IRQHandler
                0x08000c18                SPI1_IRQHandler
                0x08000c18                TAMPER_IRQHandler
                0x08000c18                DMA1_Channel4_IRQHandler
                0x08000c18                USART3_IRQHandler
                0x08000c18                RTC_IRQHandler
                0x08000c18                DMA1_Channel7_IRQHandler
                0x08000c18                CAN1_RX1_IRQHandler
                0x08000c18                TIM4_IRQHandler
                0x08000c18                I2C1_EV_IRQHandler
                0x08000c18                DMA1_Channel6_IRQHandler
                0x08000c18                TIM3_IRQHandler
                0x08000c18                RCC_IRQHandler
                0x08000c18                TIM1_TRG_COM_IRQHandler
                0x08000c18                DMA1_Channel1_IRQHandler
                0x08000c18                Default_Handler
                0x08000c18                EXTI15_10_IRQHandler
                0x08000c18                EXTI9_5_IRQHandler
                0x08000c18                SPI2_IRQHandler
                0x08000c18                DMA1_Channel5_IRQHandler
                0x08000c18                EXTI4_IRQHandler
                0x08000c18                USB_LP_CAN1_RX0_IRQHandler
                0x08000c18                USB_HP_CAN1_TX_IRQHandler
                0x08000c18                DMA1_Channel3_IRQHandler
                0x08000c18                TIM1_UP_IRQHandler
                0x08000c18                WWDG_IRQHandler
                0x08000c18                TIM2_IRQHandler
                0x08000c18                TIM1_BRK_IRQHandler
                0x08000c18                EXTI1_IRQHandler
                0x08000c18                USART2_IRQHandler
                0x08000c18                I2C2_ER_IRQHandler
                0x08000c18                DMA1_Channel2_IRQHandler
                0x08000c18                CAN1_SCE_IRQHandler
                0x08000c18                FLASH_IRQHandler
                0x08000c18                USART1_IRQHandler
                0x08000c18                I2C1_ER_IRQHandler
                0x08000c18                USBWakeUp_IRQHandler
 .text.HAL_MspDeInit
                0x08000c1a        0x2 ./Drivers/STM32F1xx_HAL_Driver/Src/stm32f1xx_hal.o
                0x08000c1a                HAL_MspDeInit
 .text.HAL_DeInit
                0x08000c1c       0x20 ./Drivers/STM32F1xx_HAL_Driver/Src/stm32f1xx_hal.o
                0x08000c1c                HAL_DeInit
 .text.HAL_InitTick
                0x08000c3c       0x48 ./Drivers/STM32F1xx_HAL_Driver/Src/stm32f1xx_hal.o
                0x08000c3c                HAL_InitTick
 .text.HAL_Init
                0x08000c84       0x24 ./Drivers/STM32F1xx_HAL_Driver/Src/stm32f1xx_hal.o
                0x08000c84                HAL_Init
 .text.HAL_IncTick
                0x08000ca8       0x18 ./Drivers/STM32F1xx_HAL_Driver/Src/stm32f1xx_hal.o
                0x08000ca8                HAL_IncTick
 .text.HAL_GetTick
                0x08000cc0        0xc ./Drivers/STM32F1xx_HAL_Driver/Src/stm32f1xx_hal.o
                0x08000cc0                HAL_GetTick
 .text.HAL_Delay
                0x08000ccc       0x24 ./Drivers/STM32F1xx_HAL_Driver/Src/stm32f1xx_hal.o
                0x08000ccc                HAL_Delay
 .text.HAL_NVIC_SetPriorityGrouping
                0x08000cf0       0x24 ./Drivers/STM32F1xx_HAL_Driver/Src/stm32f1xx_hal_cortex.o
                0x08000cf0                HAL_NVIC_SetPriorityGrouping
 .text.HAL_NVIC_SetPriority
                0x08000d14       0x60 ./Drivers/STM32F1xx_HAL_Driver/Src/stm32f1xx_hal_cortex.o
                0x08000d14                HAL_NVIC_SetPriority
 .text.HAL_SYSTICK_Config
                0x08000d74       0x28 ./Drivers/STM32F1xx_HAL_Driver/Src/stm32f1xx_hal_cortex.o
                0x08000d74                HAL_SYSTICK_Config
 .text.FLASH_SetErrorCode
                0x08000d9c       0x50 ./Drivers/STM32F1xx_HAL_Driver/Src/stm32f1xx_hal_flash.o
 .text.HAL_FLASH_Unlock
                0x08000dec       0x24 ./Drivers/STM32F1xx_HAL_Driver/Src/stm32f1xx_hal_flash.o
                0x08000dec                HAL_FLASH_Unlock
 .text.HAL_FLASH_Lock
                0x08000e10       0x14 ./Drivers/STM32F1xx_HAL_Driver/Src/stm32f1xx_hal_flash.o
                0x08000e10                HAL_FLASH_Lock
 .text.FLASH_WaitForLastOperation
                0x08000e24       0x54 ./Drivers/STM32F1xx_HAL_Driver/Src/stm32f1xx_hal_flash.o
                0x08000e24                FLASH_WaitForLastOperation
 .text.HAL_FLASH_Program
                0x08000e78       0xa4 ./Drivers/STM32F1xx_HAL_Driver/Src/stm32f1xx_hal_flash.o
                0x08000e78                HAL_FLASH_Program
 .text.HAL_FLASHEx_OBGetConfig
                0x08000f1c       0x28 ./Drivers/STM32F1xx_HAL_Driver/Src/stm32f1xx_hal_flash_ex.o
                0x08000f1c                HAL_FLASHEx_OBGetConfig
 .text.FLASH_PageErase
                0x08000f44       0x24 ./Drivers/STM32F1xx_HAL_Driver/Src/stm32f1xx_hal_flash_ex.o
                0x08000f44                FLASH_PageErase
 .text.HAL_FLASHEx_Erase
                0x08000f68       0xa8 ./Drivers/STM32F1xx_HAL_Driver/Src/stm32f1xx_hal_flash_ex.o
                0x08000f68                HAL_FLASHEx_Erase
 .text.HAL_GPIO_Init
                0x08001010      0x1b0 ./Drivers/STM32F1xx_HAL_Driver/Src/stm32f1xx_hal_gpio.o
                0x08001010                HAL_GPIO_Init
 .text.HAL_RCC_OscConfig
                0x080011c0      0x338 ./Drivers/STM32F1xx_HAL_Driver/Src/stm32f1xx_hal_rcc.o
                0x080011c0                HAL_RCC_OscConfig
 .text.HAL_RCC_GetSysClockFreq
                0x080014f8       0x4c ./Drivers/STM32F1xx_HAL_Driver/Src/stm32f1xx_hal_rcc.o
                0x080014f8                HAL_RCC_GetSysClockFreq
 .text.HAL_RCC_ClockConfig
                0x08001544      0x138 ./Drivers/STM32F1xx_HAL_Driver/Src/stm32f1xx_hal_rcc.o
                0x08001544                HAL_RCC_ClockConfig
 .text.HAL_RCC_GetPCLK1Freq
                0x0800167c       0x20 ./Drivers/STM32F1xx_HAL_Driver/Src/stm32f1xx_hal_rcc.o
                0x0800167c                HAL_RCC_GetPCLK1Freq
 .text.HAL_RCC_GetPCLK2Freq
                0x0800169c       0x20 ./Drivers/STM32F1xx_HAL_Driver/Src/stm32f1xx_hal_rcc.o
                0x0800169c                HAL_RCC_GetPCLK2Freq
 .text.UART_EndRxTransfer
                0x080016bc       0x5c ./Drivers/STM32F1xx_HAL_Driver/Src/stm32f1xx_hal_uart.o
 .text.UART_SetConfig
                0x08001718       0x74 ./Drivers/STM32F1xx_HAL_Driver/Src/stm32f1xx_hal_uart.o
 .text.UART_WaitOnFlagUntilTimeout.constprop.0
                0x0800178c       0x64 ./Drivers/STM32F1xx_HAL_Driver/Src/stm32f1xx_hal_uart.o
 .text.HAL_UART_Init
                0x080017f0       0x5e ./Drivers/STM32F1xx_HAL_Driver/Src/stm32f1xx_hal_uart.o
                0x080017f0                HAL_UART_Init
 .text.HAL_UART_Transmit
                0x0800184e       0x9c ./Drivers/STM32F1xx_HAL_Driver/Src/stm32f1xx_hal_uart.o
                0x0800184e                HAL_UART_Transmit
 .text.HAL_UART_Receive
                0x080018ea       0xae ./Drivers/STM32F1xx_HAL_Driver/Src/stm32f1xx_hal_uart.o
                0x080018ea                HAL_UART_Receive
 .text.aes_gen_tables
                0x08001998      0x224 ./mbedtls/library/aes.o
 .text.mbedtls_aes_init
                0x08001bbc        0xa ./mbedtls/library/aes.o
                0x08001bbc                mbedtls_aes_init
 .text.mbedtls_aes_free
                0x08001bc6        0xc ./mbedtls/library/aes.o
                0x08001bc6                mbedtls_aes_free
 *fill*         0x08001bd2        0x2 
 .text.mbedtls_aes_setkey_enc
                0x08001bd4      0x1cc ./mbedtls/library/aes.o
                0x08001bd4                mbedtls_aes_setkey_enc
 .text.mbedtls_aes_setkey_dec
                0x08001da0      0x118 ./mbedtls/library/aes.o
                0x08001da0                mbedtls_aes_setkey_dec
 .text.mbedtls_internal_aes_encrypt
                0x08001eb8      0x36c ./mbedtls/library/aes.o
                0x08001eb8                mbedtls_internal_aes_encrypt
 .text.mbedtls_internal_aes_decrypt
                0x08002224      0x368 ./mbedtls/library/aes.o
                0x08002224                mbedtls_internal_aes_decrypt
 .text.mbedtls_aes_crypt_ecb
                0x0800258c       0x18 ./mbedtls/library/aes.o
                0x0800258c                mbedtls_aes_crypt_ecb
 .text.mbedtls_platform_zeroize
                0x080025a4       0x14 ./mbedtls/library/platform_util.o
                0x080025a4                mbedtls_platform_zeroize
 .text.mbedtls_sha256_init
                0x080025b8        0x8 ./mbedtls/library/sha256.o
                0x080025b8                mbedtls_sha256_init
 .text.mbedtls_sha256_free
                0x080025c0        0xa ./mbedtls/library/sha256.o
                0x080025c0                mbedtls_sha256_free
 *fill*         0x080025ca        0x2 
 .text.mbedtls_sha256_starts_ret
                0x080025cc       0xc4 ./mbedtls/library/sha256.o
                0x080025cc                mbedtls_sha256_starts_ret
 .text.mbedtls_internal_sha256_process
                0x08002690      0x6bc ./mbedtls/library/sha256.o
                0x08002690                mbedtls_internal_sha256_process
 .text.mbedtls_sha256_update_ret
                0x08002d4c       0x72 ./mbedtls/library/sha256.o
                0x08002d4c                mbedtls_sha256_update_ret
 .text.mbedtls_sha256_finish_ret
                0x08002dbe      0x104 ./mbedtls/library/sha256.o
                0x08002dbe                mbedtls_sha256_finish_ret
 .text.mbedtls_sha256_ret
                0x08002ec2       0x44 ./mbedtls/library/sha256.o
                0x08002ec2                mbedtls_sha256_ret
 *fill*         0x08002f06        0x2 
 .text._vsprintf_r
                0x08002f08       0x2c /opt/st/stm32cubeide_1.16.0/plugins/com.st.stm32cube.ide.mcu.externaltools.gnu-tools-for-stm32.12.3.rel1.linux64_1.0.200.202406132123/tools/bin/../lib/gcc/arm-none-eabi/12.3.1/../../../../arm-none-eabi/lib/thumb/v7-m/nofp/libc_nano.a(libc_a-vsprintf.o)
                0x08002f08                _vsiprintf_r
                0x08002f08                _vsprintf_r
 .text.vsprintf
                0x08002f34       0x14 /opt/st/stm32cubeide_1.16.0/plugins/com.st.stm32cube.ide.mcu.externaltools.gnu-tools-for-stm32.12.3.rel1.linux64_1.0.200.202406132123/tools/bin/../lib/gcc/arm-none-eabi/12.3.1/../../../../arm-none-eabi/lib/thumb/v7-m/nofp/libc_nano.a(libc_a-vsprintf.o)
                0x08002f34                vsprintf
                0x08002f34                vsiprintf
 .text.memcmp   0x08002f48       0x20 /opt/st/stm32cubeide_1.16.0/plugins/com.st.stm32cube.ide.mcu.externaltools.gnu-tools-for-stm32.12.3.rel1.linux64_1.0.200.202406132123/tools/bin/../lib/gcc/arm-none-eabi/12.3.1/../../../../arm-none-eabi/lib/thumb/v7-m/nofp/libc_nano.a(libc_a-memcmp.o)
                0x08002f48                memcmp
 .text.memset   0x08002f68       0x10 /opt/st/stm32cubeide_1.16.0/plugins/com.st.stm32cube.ide.mcu.externaltools.gnu-tools-for-stm32.12.3.rel1.linux64_1.0.200.202406132123/tools/bin/../lib/gcc/arm-none-eabi/12.3.1/../../../../arm-none-eabi/lib/thumb/v7-m/nofp/libc_nano.a(libc_a-memset.o)
                0x08002f68                memset
 .text.__errno  0x08002f78        0xc /opt/st/stm32cubeide_1.16.0/plugins/com.st.stm32cube.ide.mcu.externaltools.gnu-tools-for-stm32.12.3.rel1.linux64_1.0.200.202406132123/tools/bin/../lib/gcc/arm-none-eabi/12.3.1/../../../../arm-none-eabi/lib/thumb/v7-m/nofp/libc_nano.a(libc_a-errno.o)
                0x08002f78                __errno
 .text.__libc_init_array
                0x08002f84       0x48 /opt/st/stm32cubeide_1.16.0/plugins/com.st.stm32cube.ide.mcu.externaltools.gnu-tools-for-stm32.12.3.rel1.linux64_1.0.200.202406132123/tools/bin/../lib/gcc/arm-none-eabi/12.3.1/../../../../arm-none-eabi/lib/thumb/v7-m/nofp/libc_nano.a(libc_a-init.o)
                0x08002f84                __libc_init_array
 .text.__retarget_lock_acquire_recursive
                0x08002fcc        0x2 /opt/st/stm32cubeide_1.16.0/plugins/com.st.stm32cube.ide.mcu.externaltools.gnu-tools-for-stm32.12.3.rel1.linux64_1.0.200.202406132123/tools/bin/../lib/gcc/arm-none-eabi/12.3.1/../../../../arm-none-eabi/lib/thumb/v7-m/nofp/libc_nano.a(libc_a-lock.o)
                0x08002fcc                __retarget_lock_acquire_recursive
 .text.__retarget_lock_release_recursive
                0x08002fce        0x2 /opt/st/stm32cubeide_1.16.0/plugins/com.st.stm32cube.ide.mcu.externaltools.gnu-tools-for-stm32.12.3.rel1.linux64_1.0.200.202406132123/tools/bin/../lib/gcc/arm-none-eabi/12.3.1/../../../../arm-none-eabi/lib/thumb/v7-m/nofp/libc_nano.a(libc_a-lock.o)
                0x08002fce                __retarget_lock_release_recursive
 .text.memcpy   0x08002fd0       0x1c /opt/st/stm32cubeide_1.16.0/plugins/com.st.stm32cube.ide.mcu.externaltools.gnu-tools-for-stm32.12.3.rel1.linux64_1.0.200.202406132123/tools/bin/../lib/gcc/arm-none-eabi/12.3.1/../../../../arm-none-eabi/lib/thumb/v7-m/nofp/libc_nano.a(libc_a-memcpy-stub.o)
                0x08002fd0                memcpy
 .text._free_r  0x08002fec       0x90 /opt/st/stm32cubeide_1.16.0/plugins/com.st.stm32cube.ide.mcu.externaltools.gnu-tools-for-stm32.12.3.rel1.linux64_1.0.200.202406132123/tools/bin/../lib/gcc/arm-none-eabi/12.3.1/../../../../arm-none-eabi/lib/thumb/v7-m/nofp/libc_nano.a(libc_a-freer.o)
                0x08002fec                _free_r
 .text.sbrk_aligned
                0x0800307c       0x44 /opt/st/stm32cubeide_1.16.0/plugins/com.st.stm32cube.ide.mcu.externaltools.gnu-tools-for-stm32.12.3.rel1.linux64_1.0.200.202406132123/tools/bin/../lib/gcc/arm-none-eabi/12.3.1/../../../../arm-none-eabi/lib/thumb/v7-m/nofp/libc_nano.a(libc_a-mallocr.o)
 .text._malloc_r
                0x080030c0      0x100 /opt/st/stm32cubeide_1.16.0/plugins/com.st.stm32cube.ide.mcu.externaltools.gnu-tools-for-stm32.12.3.rel1.linux64_1.0.200.202406132123/tools/bin/../lib/gcc/arm-none-eabi/12.3.1/../../../../arm-none-eabi/lib/thumb/v7-m/nofp/libc_nano.a(libc_a-mallocr.o)
                0x080030c0                _malloc_r
 .text.__malloc_lock
                0x080031c0        0xc /opt/st/stm32cubeide_1.16.0/plugins/com.st.stm32cube.ide.mcu.externaltools.gnu-tools-for-stm32.12.3.rel1.linux64_1.0.200.202406132123/tools/bin/../lib/gcc/arm-none-eabi/12.3.1/../../../../arm-none-eabi/lib/thumb/v7-m/nofp/libc_nano.a(libc_a-mlock.o)
                0x080031c0                __malloc_lock
 .text.__malloc_unlock
                0x080031cc        0xc /opt/st/stm32cubeide_1.16.0/plugins/com.st.stm32cube.ide.mcu.externaltools.gnu-tools-for-stm32.12.3.rel1.linux64_1.0.200.202406132123/tools/bin/../lib/gcc/arm-none-eabi/12.3.1/../../../../arm-none-eabi/lib/thumb/v7-m/nofp/libc_nano.a(libc_a-mlock.o)
                0x080031cc                __malloc_unlock
 .text.__ssputs_r
                0x080031d8       0xb6 /opt/st/stm32cubeide_1.16.0/plugins/com.st.stm32cube.ide.mcu.externaltools.gnu-tools-for-stm32.12.3.rel1.linux64_1.0.200.202406132123/tools/bin/../lib/gcc/arm-none-eabi/12.3.1/../../../../arm-none-eabi/lib/thumb/v7-m/nofp/libc_nano.a(libc_a-nano-svfprintf.o)
                0x080031d8                __ssputs_r
 *fill*         0x0800328e        0x2 
 .text._svfprintf_r
                0x08003290      0x1f8 /opt/st/stm32cubeide_1.16.0/plugins/com.st.stm32cube.ide.mcu.externaltools.gnu-tools-for-stm32.12.3.rel1.linux64_1.0.200.202406132123/tools/bin/../lib/gcc/arm-none-eabi/12.3.1/../../../../arm-none-eabi/lib/thumb/v7-m/nofp/libc_nano.a(libc_a-nano-svfprintf.o)
                0x08003290                _svfprintf_r
                0x08003290                _svfiprintf_r
 .text._printf_common
                0x08003488       0xe4 /opt/st/stm32cubeide_1.16.0/plugins/com.st.stm32cube.ide.mcu.externaltools.gnu-tools-for-stm32.12.3.rel1.linux64_1.0.200.202406132123/tools/bin/../lib/gcc/arm-none-eabi/12.3.1/../../../../arm-none-eabi/lib/thumb/v7-m/nofp/libc_nano.a(libc_a-nano-vfprintf_i.o)
                0x08003488                _printf_common
 .text._printf_i
                0x0800356c      0x240 /opt/st/stm32cubeide_1.16.0/plugins/com.st.stm32cube.ide.mcu.externaltools.gnu-tools-for-stm32.12.3.rel1.linux64_1.0.200.202406132123/tools/bin/../lib/gcc/arm-none-eabi/12.3.1/../../../../arm-none-eabi/lib/thumb/v7-m/nofp/libc_nano.a(libc_a-nano-vfprintf_i.o)
                0x0800356c                _printf_i
 .text.memmove  0x080037ac       0x34 /opt/st/stm32cubeide_1.16.0/plugins/com.st.stm32cube.ide.mcu.externaltools.gnu-tools-for-stm32.12.3.rel1.linux64_1.0.200.202406132123/tools/bin/../lib/gcc/arm-none-eabi/12.3.1/../../../../arm-none-eabi/lib/thumb/v7-m/nofp/libc_nano.a(libc_a-memmove.o)
                0x080037ac                memmove
 .text._sbrk_r  0x080037e0       0x20 /opt/st/stm32cubeide_1.16.0/plugins/com.st.stm32cube.ide.mcu.externaltools.gnu-tools-for-stm32.12.3.rel1.linux64_1.0.200.202406132123/tools/bin/../lib/gcc/arm-none-eabi/12.3.1/../../../../arm-none-eabi/lib/thumb/v7-m/nofp/libc_nano.a(libc_a-sbrkr.o)
                0x080037e0                _sbrk_r
 .text.memchr   0x08003800       0x1c /opt/st/stm32cubeide_1.16.0/plugins/com.st.stm32cube.ide.mcu.externaltools.gnu-tools-for-stm32.12.3.rel1.linux64_1.0.200.202406132123/tools/bin/../lib/gcc/arm-none-eabi/12.3.1/../../../../arm-none-eabi/lib/thumb/v7-m/nofp/libc_nano.a(libc_a-memchr-stub.o)
                0x08003800                memchr
 .text._realloc_r
                0x0800381c       0x5c /opt/st/stm32cubeide_1.16.0/plugins/com.st.stm32cube.ide.mcu.externaltools.gnu-tools-for-stm32.12.3.rel1.linux64_1.0.200.202406132123/tools/bin/../lib/gcc/arm-none-eabi/12.3.1/../../../../arm-none-eabi/lib/thumb/v7-m/nofp/libc_nano.a(libc_a-reallocr.o)
                0x0800381c                _realloc_r
 .text._malloc_usable_size_r
                0x08003878       0x10 /opt/st/stm32cubeide_1.16.0/plugins/com.st.stm32cube.ide.mcu.externaltools.gnu-tools-for-stm32.12.3.rel1.linux64_1.0.200.202406132123/tools/bin/../lib/gcc/arm-none-eabi/12.3.1/../../../../arm-none-eabi/lib/thumb/v7-m/nofp/libc_nano.a(libc_a-msizer.o)
                0x08003878                _malloc_usable_size_r
 *(.glue_7)
 .glue_7        0x08003888        0x0 linker stubs
 *(.glue_7t)
 .glue_7t       0x08003888        0x0 linker stubs
 *(.eh_frame)
 .eh_frame      0x08003888        0x0 /opt/st/stm32cubeide_1.16.0/plugins/com.st.stm32cube.ide.mcu.externaltools.gnu-tools-for-stm32.12.3.rel1.linux64_1.0.200.202406132123/tools/bin/../lib/gcc/arm-none-eabi/12.3.1/thumb/v7-m/nofp/crtbegin.o
 *(.init)
 .init          0x08003888        0x4 /opt/st/stm32cubeide_1.16.0/plugins/com.st.stm32cube.ide.mcu.externaltools.gnu-tools-for-stm32.12.3.rel1.linux64_1.0.200.202406132123/tools/bin/../lib/gcc/arm-none-eabi/12.3.1/thumb/v7-m/nofp/crti.o
                0x08003888                _init
 .init          0x0800388c        0x8 /opt/st/stm32cubeide_1.16.0/plugins/com.st.stm32cube.ide.mcu.externaltools.gnu-tools-for-stm32.12.3.rel1.linux64_1.0.200.202406132123/tools/bin/../lib/gcc/arm-none-eabi/12.3.1/thumb/v7-m/nofp/crtn.o
 *(.fini)
 .fini          0x08003894        0x4 /opt/st/stm32cubeide_1.16.0/plugins/com.st.stm32cube.ide.mcu.externaltools.gnu-tools-for-stm32.12.3.rel1.linux64_1.0.200.202406132123/tools/bin/../lib/gcc/arm-none-eabi/12.3.1/thumb/v7-m/nofp/crti.o
                0x08003894                _fini
 .fini          0x08003898        0x8 /opt/st/stm32cubeide_1.16.0/plugins/com.st.stm32cube.ide.mcu.externaltools.gnu-tools-for-stm32.12.3.rel1.linux64_1.0.200.202406132123/tools/bin/../lib/gcc/arm-none-eabi/12.3.1/thumb/v7-m/nofp/crtn.o
                0x080038a0                        . = ALIGN (0x4)
                0x080038a0                        _etext = .

.vfp11_veneer   0x080038a0        0x0
 .vfp11_veneer  0x080038a0        0x0 linker stubs

.v4_bx          0x080038a0        0x0
 .v4_bx         0x080038a0        0x0 linker stubs

.iplt           0x080038a0        0x0
 .iplt          0x080038a0        0x0 /opt/st/stm32cubeide_1.16.0/plugins/com.st.stm32cube.ide.mcu.externaltools.gnu-tools-for-stm32.12.3.rel1.linux64_1.0.200.202406132123/tools/bin/../lib/gcc/arm-none-eabi/12.3.1/thumb/v7-m/nofp/crtbegin.o

.rodata         0x080038a0      0x2fc
                0x080038a0                        . = ALIGN (0x4)
 *(.rodata)
 *(.rodata*)
 .rodata.BL_FetchUARTCommand.str1.1
                0x080038a0      0x19d ./Core/Src/bootloader.o
 .rodata.APBPrescTable
                0x08003a3d        0x8 ./Core/Src/system_stm32f1xx.o
                0x08003a3d                APBPrescTable
 .rodata.AHBPrescTable
                0x08003a45       0x10 ./Core/Src/system_stm32f1xx.o
                0x08003a45                AHBPrescTable
 .rodata.aPredivFactorTable.0
                0x08003a55        0x2 ./Drivers/STM32F1xx_HAL_Driver/Src/stm32f1xx_hal_rcc.o
 .rodata.aPLLMULFactorTable.1
                0x08003a57       0x10 ./Drivers/STM32F1xx_HAL_Driver/Src/stm32f1xx_hal_rcc.o
 *fill*         0x08003a67        0x1 
 .rodata.K      0x08003a68      0x100 ./mbedtls/library/sha256.o
 .rodata._svfprintf_r.str1.1
                0x08003b68       0x11 /opt/st/stm32cubeide_1.16.0/plugins/com.st.stm32cube.ide.mcu.externaltools.gnu-tools-for-stm32.12.3.rel1.linux64_1.0.200.202406132123/tools/bin/../lib/gcc/arm-none-eabi/12.3.1/../../../../arm-none-eabi/lib/thumb/v7-m/nofp/libc_nano.a(libc_a-nano-svfprintf.o)
 .rodata._printf_i.str1.1
                0x08003b79       0x22 /opt/st/stm32cubeide_1.16.0/plugins/com.st.stm32cube.ide.mcu.externaltools.gnu-tools-for-stm32.12.3.rel1.linux64_1.0.200.202406132123/tools/bin/../lib/gcc/arm-none-eabi/12.3.1/../../../../arm-none-eabi/lib/thumb/v7-m/nofp/libc_nano.a(libc_a-nano-vfprintf_i.o)
                0x08003b9c                        . = ALIGN (0x4)
 *fill*         0x08003b9b        0x1 

.ARM.extab      0x08003b9c        0x0
                0x08003b9c                        . = ALIGN (0x4)
 *(.ARM.extab* .gnu.linkonce.armextab.*)
                0x08003b9c                        . = ALIGN (0x4)

.ARM            0x08003b9c        0x8
                0x08003b9c                        . = ALIGN (0x4)
                0x08003b9c                        __exidx_start = .
 *(.ARM.exidx*)
 .ARM.exidx     0x08003b9c        0x8 /opt/st/stm32cubeide_1.16.0/plugins/com.st.stm32cube.ide.mcu.externaltools.gnu-tools-for-stm32.12.3.rel1.linux64_1.0.200.202406132123/tools/bin/../lib/gcc/arm-none-eabi/12.3.1/../../../../arm-none-eabi/lib/thumb/v7-m/nofp/libc_nano.a(libc_a-strlen.o)
                0x08003ba4                        __exidx_end = .
                0x08003ba4                        . = ALIGN (0x4)

.preinit_array  0x08003ba4        0x0
                0x08003ba4                        . = ALIGN (0x4)
                0x08003ba4                        PROVIDE (__preinit_array_start = .)
 *(.preinit_array*)
                0x08003ba4                        PROVIDE (__preinit_array_end = .)
                0x08003ba4                        . = ALIGN (0x4)

.init_array     0x08003ba4        0x4
                0x08003ba4                        . = ALIGN (0x4)
                0x08003ba4                        PROVIDE (__init_array_start = .)
 *(SORT_BY_NAME(.init_array.*))
 *(.init_array*)
 .init_array    0x08003ba4        0x4 /opt/st/stm32cubeide_1.16.0/plugins/com.st.stm32cube.ide.mcu.externaltools.gnu-tools-for-stm32.12.3.rel1.linux64_1.0.200.202406132123/tools/bin/../lib/gcc/arm-none-eabi/12.3.1/thumb/v7-m/nofp/crtbegin.o
                0x08003ba8                        PROVIDE (__init_array_end = .)
                0x08003ba8                        . = ALIGN (0x4)

.fini_array     0x08003ba8        0x4
                0x08003ba8                        . = ALIGN (0x4)
                [!provide]                        PROVIDE (__fini_array_start = .)
 *(SORT_BY_NAME(.fini_array.*))
 *(.fini_array*)
 .fini_array    0x08003ba8        0x4 /opt/st/stm32cubeide_1.16.0/plugins/com.st.stm32cube.ide.mcu.externaltools.gnu-tools-for-stm32.12.3.rel1.linux64_1.0.200.202406132123/tools/bin/../lib/gcc/arm-none-eabi/12.3.1/thumb/v7-m/nofp/crtbegin.o
                [!provide]                        PROVIDE (__fini_array_end = .)
                0x08003bac                        . = ALIGN (0x4)
                0x08003bac                        _sidata = LOADADDR (.data)

.rel.dyn        0x08003bac        0x0
 .rel.iplt      0x08003bac        0x0 /opt/st/stm32cubeide_1.16.0/plugins/com.st.stm32cube.ide.mcu.externaltools.gnu-tools-for-stm32.12.3.rel1.linux64_1.0.200.202406132123/tools/bin/../lib/gcc/arm-none-eabi/12.3.1/thumb/v7-m/nofp/crtbegin.o

.data           0x20000000       0x84 load address 0x08003bac
                0x20000000                        . = ALIGN (0x4)
                0x20000000                        _sdata = .
 *(.data)
 *(.data*)
 .data.bl_info_ptr
                0x20000000        0x4 ./Core/Src/bootloader.o
                0x20000000                bl_info_ptr
 .data.read_key
                0x20000004       0x10 ./Core/Src/bootloader.o
 .data.key      0x20000014       0x10 ./Core/Src/bootloader.o
 .data.SystemCoreClock
                0x20000024        0x4 ./Core/Src/system_stm32f1xx.o
                0x20000024                SystemCoreClock
 .data.uwTickFreq
                0x20000028        0x1 ./Drivers/STM32F1xx_HAL_Driver/Src/stm32f1xx_hal.o
                0x20000028                uwTickFreq
 *fill*         0x20000029        0x3 
 .data.uwTickPrio
                0x2000002c        0x4 ./Drivers/STM32F1xx_HAL_Driver/Src/stm32f1xx_hal.o
                0x2000002c                uwTickPrio
 .data.memset_func
                0x20000030        0x4 ./mbedtls/library/platform_util.o
 .data._impure_ptr
                0x20000034        0x4 /opt/st/stm32cubeide_1.16.0/plugins/com.st.stm32cube.ide.mcu.externaltools.gnu-tools-for-stm32.12.3.rel1.linux64_1.0.200.202406132123/tools/bin/../lib/gcc/arm-none-eabi/12.3.1/../../../../arm-none-eabi/lib/thumb/v7-m/nofp/libc_nano.a(libc_a-impure.o)
                0x20000034                _impure_ptr
 .data._impure_data
                0x20000038       0x4c /opt/st/stm32cubeide_1.16.0/plugins/com.st.stm32cube.ide.mcu.externaltools.gnu-tools-for-stm32.12.3.rel1.linux64_1.0.200.202406132123/tools/bin/../lib/gcc/arm-none-eabi/12.3.1/../../../../arm-none-eabi/lib/thumb/v7-m/nofp/libc_nano.a(libc_a-impure.o)
                0x20000038                _impure_data
 *(.RamFunc)
 *(.RamFunc*)
                0x20000084                        . = ALIGN (0x4)
                0x20000084                        _edata = .

.igot.plt       0x20000084        0x0 load address 0x08003c30
 .igot.plt      0x20000084        0x0 /opt/st/stm32cubeide_1.16.0/plugins/com.st.stm32cube.ide.mcu.externaltools.gnu-tools-for-stm32.12.3.rel1.linux64_1.0.200.202406132123/tools/bin/../lib/gcc/arm-none-eabi/12.3.1/thumb/v7-m/nofp/crtbegin.o
                0x20000084                        . = ALIGN (0x4)

.bss            0x20000088     0x246c load address 0x08003c30
                0x20000088                        _sbss = .
                0x20000088                        __bss_start__ = _sbss
 *(.bss)
 .bss           0x20000088       0x1c /opt/st/stm32cubeide_1.16.0/plugins/com.st.stm32cube.ide.mcu.externaltools.gnu-tools-for-stm32.12.3.rel1.linux64_1.0.200.202406132123/tools/bin/../lib/gcc/arm-none-eabi/12.3.1/thumb/v7-m/nofp/crtbegin.o
 *(.bss*)
 .bss.host_buffer
                0x200000a4       0x14 ./Core/Src/bootloader.o
 .bss.huart2    0x200000b8       0x48 ./Core/Src/main.o
                0x200000b8                huart2
 .bss.huart1    0x20000100       0x48 ./Core/Src/main.o
                0x20000100                huart1
 .bss.hcrc      0x20000148        0xc ./Core/Src/main.o
                0x20000148                hcrc
 .bss.__sbrk_heap_end
                0x20000154        0x4 ./Core/Src/sysmem.o
 .bss.uwTick    0x20000158        0x4 ./Drivers/STM32F1xx_HAL_Driver/Src/stm32f1xx_hal.o
                0x20000158                uwTick
 *fill*         0x2000015c        0x4 
 .bss.pFlash    0x20000160       0x20 ./Drivers/STM32F1xx_HAL_Driver/Src/stm32f1xx_hal_flash.o
                0x20000160                pFlash
 .bss.aes_init_done
                0x20000180        0x4 ./mbedtls/library/aes.o
 .bss.RCON      0x20000184       0x28 ./mbedtls/library/aes.o
 .bss.RT3       0x200001ac      0x400 ./mbedtls/library/aes.o
 .bss.RT2       0x200005ac      0x400 ./mbedtls/library/aes.o
 .bss.RT1       0x200009ac      0x400 ./mbedtls/library/aes.o
 .bss.RT0       0x20000dac      0x400 ./mbedtls/library/aes.o
 .bss.RSb       0x200011ac      0x100 ./mbedtls/library/aes.o
 .bss.FT3       0x200012ac      0x400 ./mbedtls/library/aes.o
 .bss.FT2       0x200016ac      0x400 ./mbedtls/library/aes.o
 .bss.FT1       0x20001aac      0x400 ./mbedtls/library/aes.o
 .bss.FT0       0x20001eac      0x400 ./mbedtls/library/aes.o
 .bss.FSb       0x200022ac      0x100 ./mbedtls/library/aes.o
 .bss.__sf      0x200023ac      0x138 /opt/st/stm32cubeide_1.16.0/plugins/com.st.stm32cube.ide.mcu.externaltools.gnu-tools-for-stm32.12.3.rel1.linux64_1.0.200.202406132123/tools/bin/../lib/gcc/arm-none-eabi/12.3.1/../../../../arm-none-eabi/lib/thumb/v7-m/nofp/libc_nano.a(libc_a-findfp.o)
                0x200023ac                __sf
 .bss.errno     0x200024e4        0x4 /opt/st/stm32cubeide_1.16.0/plugins/com.st.stm32cube.ide.mcu.externaltools.gnu-tools-for-stm32.12.3.rel1.linux64_1.0.200.202406132123/tools/bin/../lib/gcc/arm-none-eabi/12.3.1/../../../../arm-none-eabi/lib/thumb/v7-m/nofp/libc_nano.a(libc_a-reent.o)
                0x200024e4                errno
 .bss.__lock___malloc_recursive_mutex
                0x200024e8        0x1 /opt/st/stm32cubeide_1.16.0/plugins/com.st.stm32cube.ide.mcu.externaltools.gnu-tools-for-stm32.12.3.rel1.linux64_1.0.200.202406132123/tools/bin/../lib/gcc/arm-none-eabi/12.3.1/../../../../arm-none-eabi/lib/thumb/v7-m/nofp/libc_nano.a(libc_a-lock.o)
                0x200024e8                __lock___malloc_recursive_mutex
 *fill*         0x200024e9        0x3 
 .bss.__malloc_sbrk_start
                0x200024ec        0x4 /opt/st/stm32cubeide_1.16.0/plugins/com.st.stm32cube.ide.mcu.externaltools.gnu-tools-for-stm32.12.3.rel1.linux64_1.0.200.202406132123/tools/bin/../lib/gcc/arm-none-eabi/12.3.1/../../../../arm-none-eabi/lib/thumb/v7-m/nofp/libc_nano.a(libc_a-mallocr.o)
                0x200024ec                __malloc_sbrk_start
 .bss.__malloc_free_list
                0x200024f0        0x4 /opt/st/stm32cubeide_1.16.0/plugins/com.st.stm32cube.ide.mcu.externaltools.gnu-tools-for-stm32.12.3.rel1.linux64_1.0.200.202406132123/tools/bin/../lib/gcc/arm-none-eabi/12.3.1/../../../../arm-none-eabi/lib/thumb/v7-m/nofp/libc_nano.a(libc_a-mallocr.o)
                0x200024f0                __malloc_free_list
 *(COMMON)
                0x200024f4                        . = ALIGN (0x4)
                0x200024f4                        _ebss = .
                0x200024f4                        __bss_end__ = _ebss

._user_heap_stack
                0x200024f4      0x604 load address 0x08003c30
                0x200024f8                        . = ALIGN (0x8)
 *fill*         0x200024f4        0x4 
                [!provide]                        PROVIDE (end = .)
                0x200024f8                        PROVIDE (_end = .)
                0x200026f8                        . = (. + _Min_Heap_Size)
 *fill*         0x200024f8      0x200 
                0x20002af8                        . = (. + _Min_Stack_Size)
 *fill*         0x200026f8      0x400 
                0x20002af8                        . = ALIGN (0x8)

/DISCARD/
 libc.a(*)
 libm.a(*)
 libgcc.a(*)

.ARM.attributes
                0x00000000       0x29
 *(.ARM.attributes)
 .ARM.attributes
                0x00000000       0x1d /opt/st/stm32cubeide_1.16.0/plugins/com.st.stm32cube.ide.mcu.externaltools.gnu-tools-for-stm32.12.3.rel1.linux64_1.0.200.202406132123/tools/bin/../lib/gcc/arm-none-eabi/12.3.1/thumb/v7-m/nofp/crti.o
 .ARM.attributes
                0x0000001d       0x2d /opt/st/stm32cubeide_1.16.0/plugins/com.st.stm32cube.ide.mcu.externaltools.gnu-tools-for-stm32.12.3.rel1.linux64_1.0.200.202406132123/tools/bin/../lib/gcc/arm-none-eabi/12.3.1/thumb/v7-m/nofp/crtbegin.o
 .ARM.attributes
                0x0000004a       0x2d ./Core/Src/bootloader.o
 .ARM.attributes
                0x00000077       0x2d ./Core/Src/crc.o
 .ARM.attributes
                0x000000a4       0x2d ./Core/Src/main.o
 .ARM.attributes
                0x000000d1       0x2d ./Core/Src/stm32f1xx_hal_msp.o
 .ARM.attributes
                0x000000fe       0x2d ./Core/Src/stm32f1xx_it.o
 .ARM.attributes
                0x0000012b       0x2d ./Core/Src/sysmem.o
 .ARM.attributes
                0x00000158       0x2d ./Core/Src/system_stm32f1xx.o
 .ARM.attributes
                0x00000185       0x21 ./Core/Startup/startup_stm32f103c8tx.o
 .ARM.attributes
                0x000001a6       0x2d ./Drivers/STM32F1xx_HAL_Driver/Src/stm32f1xx_hal.o
 .ARM.attributes
                0x000001d3       0x2d ./Drivers/STM32F1xx_HAL_Driver/Src/stm32f1xx_hal_cortex.o
 .ARM.attributes
                0x00000200       0x2d ./Drivers/STM32F1xx_HAL_Driver/Src/stm32f1xx_hal_flash.o
 .ARM.attributes
                0x0000022d       0x2d ./Drivers/STM32F1xx_HAL_Driver/Src/stm32f1xx_hal_flash_ex.o
 .ARM.attributes
                0x0000025a       0x2d ./Drivers/STM32F1xx_HAL_Driver/Src/stm32f1xx_hal_gpio.o
 .ARM.attributes
                0x00000287       0x2d ./Drivers/STM32F1xx_HAL_Driver/Src/stm32f1xx_hal_rcc.o
 .ARM.attributes
                0x000002b4       0x2d ./Drivers/STM32F1xx_HAL_Driver/Src/stm32f1xx_hal_uart.o
 .ARM.attributes
                0x000002e1       0x2d ./mbedtls/library/aes.o
 .ARM.attributes
                0x0000030e       0x2d ./mbedtls/library/platform_util.o
 .ARM.attributes
                0x0000033b       0x2d ./mbedtls/library/sha256.o
 .ARM.attributes
                0x00000368       0x2d /opt/st/stm32cubeide_1.16.0/plugins/com.st.stm32cube.ide.mcu.externaltools.gnu-tools-for-stm32.12.3.rel1.linux64_1.0.200.202406132123/tools/bin/../lib/gcc/arm-none-eabi/12.3.1/../../../../arm-none-eabi/lib/thumb/v7-m/nofp/libc_nano.a(libc_a-findfp.o)
 .ARM.attributes
                0x00000395       0x2d /opt/st/stm32cubeide_1.16.0/plugins/com.st.stm32cube.ide.mcu.externaltools.gnu-tools-for-stm32.12.3.rel1.linux64_1.0.200.202406132123/tools/bin/../lib/gcc/arm-none-eabi/12.3.1/../../../../arm-none-eabi/lib/thumb/v7-m/nofp/libc_nano.a(libc_a-vsprintf.o)
 .ARM.attributes
                0x000003c2       0x2d /opt/st/stm32cubeide_1.16.0/plugins/com.st.stm32cube.ide.mcu.externaltools.gnu-tools-for-stm32.12.3.rel1.linux64_1.0.200.202406132123/tools/bin/../lib/gcc/arm-none-eabi/12.3.1/../../../../arm-none-eabi/lib/thumb/v7-m/nofp/libc_nano.a(libc_a-memcmp.o)
 .ARM.attributes
                0x000003ef       0x2d /opt/st/stm32cubeide_1.16.0/plugins/com.st.stm32cube.ide.mcu.externaltools.gnu-tools-for-stm32.12.3.rel1.linux64_1.0.200.202406132123/tools/bin/../lib/gcc/arm-none-eabi/12.3.1/../../../../arm-none-eabi/lib/thumb/v7-m/nofp/libc_nano.a(libc_a-memset.o)
 .ARM.attributes
                0x0000041c       0x2d /opt/st/stm32cubeide_1.16.0/plugins/com.st.stm32cube.ide.mcu.externaltools.gnu-tools-for-stm32.12.3.rel1.linux64_1.0.200.202406132123/tools/bin/../lib/gcc/arm-none-eabi/12.3.1/../../../../arm-none-eabi/lib/thumb/v7-m/nofp/libc_nano.a(libc_a-reent.o)
 .ARM.attributes
                0x00000449       0x2d /opt/st/stm32cubeide_1.16.0/plugins/com.st.stm32cube.ide.mcu.externaltools.gnu-tools-for-stm32.12.3.rel1.linux64_1.0.200.202406132123/tools/bin/../lib/gcc/arm-none-eabi/12.3.1/../../../../arm-none-eabi/lib/thumb/v7-m/nofp/libc_nano.a(libc_a-impure.o)
 .ARM.attributes
                0x00000476       0x2d /opt/st/stm32cubeide_1.16.0/plugins/com.st.stm32cube.ide.mcu.externaltools.gnu-tools-for-stm32.12.3.rel1.linux64_1.0.200.202406132123/tools/bin/../lib/gcc/arm-none-eabi/12.3.1/../../../../arm-none-eabi/lib/thumb/v7-m/nofp/libc_nano.a(libc_a-errno.o)
 .ARM.attributes
                0x000004a3       0x2d /opt/st/stm32cubeide_1.16.0/plugins/com.st.stm32cube.ide.mcu.externaltools.gnu-tools-for-stm32.12.3.rel1.linux64_1.0.200.202406132123/tools/bin/../lib/gcc/arm-none-eabi/12.3.1/../../../../arm-none-eabi/lib/thumb/v7-m/nofp/libc_nano.a(libc_a-init.o)
 .ARM.attributes
                0x000004d0       0x2d /opt/st/stm32cubeide_1.16.0/plugins/com.st.stm32cube.ide.mcu.externaltools.gnu-tools-for-stm32.12.3.rel1.linux64_1.0.200.202406132123/tools/bin/../lib/gcc/arm-none-eabi/12.3.1/../../../../arm-none-eabi/lib/thumb/v7-m/nofp/libc_nano.a(libc_a-lock.o)
 .ARM.attributes
                0x000004fd       0x2d /opt/st/stm32cubeide_1.16.0/plugins/com.st.stm32cube.ide.mcu.externaltools.gnu-tools-for-stm32.12.3.rel1.linux64_1.0.200.202406132123/tools/bin/../lib/gcc/arm-none-eabi/12.3.1/../../../../arm-none-eabi/lib/thumb/v7-m/nofp/libc_nano.a(libc_a-memcpy-stub.o)
 .ARM.attributes
                0x0000052a       0x17 /opt/st/stm32cubeide_1.16.0/plugins/com.st.stm32cube.ide.mcu.externaltools.gnu-tools-for-stm32.12.3.rel1.linux64_1.0.200.202406132123/tools/bin/../lib/gcc/arm-none-eabi/12.3.1/../../../../arm-none-eabi/lib/thumb/v7-m/nofp/libc_nano.a(libc_a-strlen.o)
 .ARM.attributes
                0x00000541       0x2d /opt/st/stm32cubeide_1.16.0/plugins/com.st.stm32cube.ide.mcu.externaltools.gnu-tools-for-stm32.12.3.rel1.linux64_1.0.200.202406132123/tools/bin/../lib/gcc/arm-none-eabi/12.3.1/../../../../arm-none-eabi/lib/thumb/v7-m/nofp/libc_nano.a(libc_a-freer.o)
 .ARM.attributes
                0x0000056e       0x2d /opt/st/stm32cubeide_1.16.0/plugins/com.st.stm32cube.ide.mcu.externaltools.gnu-tools-for-stm32.12.3.rel1.linux64_1.0.200.202406132123/tools/bin/../lib/gcc/arm-none-eabi/12.3.1/../../../../arm-none-eabi/lib/thumb/v7-m/nofp/libc_nano.a(libc_a-mallocr.o)
 .ARM.attributes
                0x0000059b       0x2d /opt/st/stm32cubeide_1.16.0/plugins/com.st.stm32cube.ide.mcu.externaltools.gnu-tools-for-stm32.12.3.rel1.linux64_1.0.200.202406132123/tools/bin/../lib/gcc/arm-none-eabi/12.3.1/../../../../arm-none-eabi/lib/thumb/v7-m/nofp/libc_nano.a(libc_a-mlock.o)
 .ARM.attributes
                0x000005c8       0x2d /opt/st/stm32cubeide_1.16.0/plugins/com.st.stm32cube.ide.mcu.externaltools.gnu-tools-for-stm32.12.3.rel1.linux64_1.0.200.202406132123/tools/bin/../lib/gcc/arm-none-eabi/12.3.1/../../../../arm-none-eabi/lib/thumb/v7-m/nofp/libc_nano.a(libc_a-nano-svfprintf.o)
 .ARM.attributes
                0x000005f5       0x2d /opt/st/stm32cubeide_1.16.0/plugins/com.st.stm32cube.ide.mcu.externaltools.gnu-tools-for-stm32.12.3.rel1.linux64_1.0.200.202406132123/tools/bin/../lib/gcc/arm-none-eabi/12.3.1/../../../../arm-none-eabi/lib/thumb/v7-m/nofp/libc_nano.a(libc_a-nano-vfprintf_i.o)
 .ARM.attributes
                0x00000622       0x2d /opt/st/stm32cubeide_1.16.0/plugins/com.st.stm32cube.ide.mcu.externaltools.gnu-tools-for-stm32.12.3.rel1.linux64_1.0.200.202406132123/tools/bin/../lib/gcc/arm-none-eabi/12.3.1/../../../../arm-none-eabi/lib/thumb/v7-m/nofp/libc_nano.a(libc_a-memmove.o)
 .ARM.attributes
                0x0000064f       0x2d /opt/st/stm32cubeide_1.16.0/plugins/com.st.stm32cube.ide.mcu.externaltools.gnu-tools-for-stm32.12.3.rel1.linux64_1.0.200.202406132123/tools/bin/../lib/gcc/arm-none-eabi/12.3.1/../../../../arm-none-eabi/lib/thumb/v7-m/nofp/libc_nano.a(libc_a-sbrkr.o)
 .ARM.attributes
                0x0000067c       0x2d /opt/st/stm32cubeide_1.16.0/plugins/com.st.stm32cube.ide.mcu.externaltools.gnu-tools-for-stm32.12.3.rel1.linux64_1.0.200.202406132123/tools/bin/../lib/gcc/arm-none-eabi/12.3.1/../../../../arm-none-eabi/lib/thumb/v7-m/nofp/libc_nano.a(libc_a-memchr-stub.o)
 .ARM.attributes
                0x000006a9       0x2d /opt/st/stm32cubeide_1.16.0/plugins/com.st.stm32cube.ide.mcu.externaltools.gnu-tools-for-stm32.12.3.rel1.linux64_1.0.200.202406132123/tools/bin/../lib/gcc/arm-none-eabi/12.3.1/../../../../arm-none-eabi/lib/thumb/v7-m/nofp/libc_nano.a(libc_a-reallocr.o)
 .ARM.attributes
                0x000006d6       0x2d /opt/st/stm32cubeide_1.16.0/plugins/com.st.stm32cube.ide.mcu.externaltools.gnu-tools-for-stm32.12.3.rel1.linux64_1.0.200.202406132123/tools/bin/../lib/gcc/arm-none-eabi/12.3.1/../../../../arm-none-eabi/lib/thumb/v7-m/nofp/libc_nano.a(libc_a-msizer.o)
 .ARM.attributes
                0x00000703       0x1d /opt/st/stm32cubeide_1.16.0/plugins/com.st.stm32cube.ide.mcu.externaltools.gnu-tools-for-stm32.12.3.rel1.linux64_1.0.200.202406132123/tools/bin/../lib/gcc/arm-none-eabi/12.3.1/thumb/v7-m/nofp/crtn.o
OUTPUT(Abokhalil_Loader.elf elf32-littlearm)
LOAD linker stubs
LOAD /opt/st/stm32cubeide_1.16.0/plugins/com.st.stm32cube.ide.mcu.externaltools.gnu-tools-for-stm32.12.3.rel1.linux64_1.0.200.202406132123/tools/bin/../lib/gcc/arm-none-eabi/12.3.1/../../../../arm-none-eabi/lib/thumb/v7-m/nofp/libc.a
LOAD /opt/st/stm32cubeide_1.16.0/plugins/com.st.stm32cube.ide.mcu.externaltools.gnu-tools-for-stm32.12.3.rel1.linux64_1.0.200.202406132123/tools/bin/../lib/gcc/arm-none-eabi/12.3.1/../../../../arm-none-eabi/lib/thumb/v7-m/nofp/libm.a
LOAD /opt/st/stm32cubeide_1.16.0/plugins/com.st.stm32cube.ide.mcu.externaltools.gnu-tools-for-stm32.12.3.rel1.linux64_1.0.200.202406132123/tools/bin/../lib/gcc/arm-none-eabi/12.3.1/thumb/v7-m/nofp/libgcc.a

.debug_info     0x00000000     0xcf58
 .debug_info    0x00000000     0x2755 ./Core/Src/bootloader.o
 .debug_info    0x00002755      0x1e6 ./Core/Src/crc.o
 .debug_info    0x0000293b      0xca7 ./Core/Src/main.o
 .debug_info    0x000035e2      0x8f0 ./Core/Src/stm32f1xx_hal_msp.o
 .debug_info    0x00003ed2      0x115 ./Core/Src/stm32f1xx_it.o
 .debug_info    0x00003fe7      0x175 ./Core/Src/sysmem.o
 .debug_info    0x0000415c      0x231 ./Core/Src/system_stm32f1xx.o
 .debug_info    0x0000438d       0x30 ./Core/Startup/startup_stm32f103c8tx.o
 .debug_info    0x000043bd      0x7dc ./Drivers/STM32F1xx_HAL_Driver/Src/stm32f1xx_hal.o
 .debug_info    0x00004b99      0xced ./Drivers/STM32F1xx_HAL_Driver/Src/stm32f1xx_hal_cortex.o
 .debug_info    0x00005886      0x669 ./Drivers/STM32F1xx_HAL_Driver/Src/stm32f1xx_hal_flash.o
 .debug_info    0x00005eef      0xba4 ./Drivers/STM32F1xx_HAL_Driver/Src/stm32f1xx_hal_flash_ex.o
 .debug_info    0x00006a93      0x604 ./Drivers/STM32F1xx_HAL_Driver/Src/stm32f1xx_hal_gpio.o
 .debug_info    0x00007097      0x9fb ./Drivers/STM32F1xx_HAL_Driver/Src/stm32f1xx_hal_rcc.o
 .debug_info    0x00007a92     0x401c ./Drivers/STM32F1xx_HAL_Driver/Src/stm32f1xx_hal_uart.o
 .debug_info    0x0000baae      0xa44 ./mbedtls/library/aes.o
 .debug_info    0x0000c4f2      0x13a ./mbedtls/library/platform_util.o
 .debug_info    0x0000c62c      0x92c ./mbedtls/library/sha256.o

.debug_abbrev   0x00000000     0x2b70
 .debug_abbrev  0x00000000      0x652 ./Core/Src/bootloader.o
 .debug_abbrev  0x00000652      0x110 ./Core/Src/crc.o
 .debug_abbrev  0x00000762      0x392 ./Core/Src/main.o
 .debug_abbrev  0x00000af4      0x1eb ./Core/Src/stm32f1xx_hal_msp.o
 .debug_abbrev  0x00000cdf       0xb6 ./Core/Src/stm32f1xx_it.o
 .debug_abbrev  0x00000d95       0xec ./Core/Src/sysmem.o
 .debug_abbrev  0x00000e81      0x145 ./Core/Src/system_stm32f1xx.o
 .debug_abbrev  0x00000fc6       0x24 ./Core/Startup/startup_stm32f103c8tx.o
 .debug_abbrev  0x00000fea      0x272 ./Drivers/STM32F1xx_HAL_Driver/Src/stm32f1xx_hal.o
 .debug_abbrev  0x0000125c      0x36b ./Drivers/STM32F1xx_HAL_Driver/Src/stm32f1xx_hal_cortex.o
 .debug_abbrev  0x000015c7      0x30e ./Drivers/STM32F1xx_HAL_Driver/Src/stm32f1xx_hal_flash.o
 .debug_abbrev  0x000018d5      0x304 ./Drivers/STM32F1xx_HAL_Driver/Src/stm32f1xx_hal_flash_ex.o
 .debug_abbrev  0x00001bd9      0x1f7 ./Drivers/STM32F1xx_HAL_Driver/Src/stm32f1xx_hal_gpio.o
 .debug_abbrev  0x00001dd0      0x2ff ./Drivers/STM32F1xx_HAL_Driver/Src/stm32f1xx_hal_rcc.o
 .debug_abbrev  0x000020cf      0x3f7 ./Drivers/STM32F1xx_HAL_Driver/Src/stm32f1xx_hal_uart.o
 .debug_abbrev  0x000024c6      0x2bb ./mbedtls/library/aes.o
 .debug_abbrev  0x00002781       0xd4 ./mbedtls/library/platform_util.o
 .debug_abbrev  0x00002855      0x31b ./mbedtls/library/sha256.o

.debug_loclists
                0x00000000     0x57c4
 .debug_loclists
                0x00000000      0xb47 ./Core/Src/bootloader.o
 .debug_loclists
                0x00000b47       0xc5 ./Core/Src/crc.o
 .debug_loclists
                0x00000c0c       0x70 ./Core/Src/main.o
 .debug_loclists
                0x00000c7c       0x8d ./Core/Src/stm32f1xx_hal_msp.o
 .debug_loclists
                0x00000d09       0x35 ./Core/Src/sysmem.o
 .debug_loclists
                0x00000d3e       0xac ./Core/Src/system_stm32f1xx.o
 .debug_loclists
                0x00000dea       0xba ./Drivers/STM32F1xx_HAL_Driver/Src/stm32f1xx_hal.o
 .debug_loclists
                0x00000ea4      0x347 ./Drivers/STM32F1xx_HAL_Driver/Src/stm32f1xx_hal_cortex.o
 .debug_loclists
                0x000011eb      0x233 ./Drivers/STM32F1xx_HAL_Driver/Src/stm32f1xx_hal_flash.o
 .debug_loclists
                0x0000141e      0x536 ./Drivers/STM32F1xx_HAL_Driver/Src/stm32f1xx_hal_flash_ex.o
 .debug_loclists
                0x00001954      0x2bb ./Drivers/STM32F1xx_HAL_Driver/Src/stm32f1xx_hal_gpio.o
 .debug_loclists
                0x00001c0f      0x3e1 ./Drivers/STM32F1xx_HAL_Driver/Src/stm32f1xx_hal_rcc.o
 .debug_loclists
                0x00001ff0     0x272b ./Drivers/STM32F1xx_HAL_Driver/Src/stm32f1xx_hal_uart.o
 .debug_loclists
                0x0000471b      0xc32 ./mbedtls/library/aes.o
 .debug_loclists
                0x0000534d       0x4f ./mbedtls/library/platform_util.o
 .debug_loclists
                0x0000539c      0x428 ./mbedtls/library/sha256.o

.debug_aranges  0x00000000      0x828
 .debug_aranges
                0x00000000       0xa0 ./Core/Src/bootloader.o
 .debug_aranges
                0x000000a0       0x30 ./Core/Src/crc.o
 .debug_aranges
                0x000000d0       0x30 ./Core/Src/main.o
 .debug_aranges
                0x00000100       0x30 ./Core/Src/stm32f1xx_hal_msp.o
 .debug_aranges
                0x00000130       0x60 ./Core/Src/stm32f1xx_it.o
 .debug_aranges
                0x00000190       0x20 ./Core/Src/sysmem.o
 .debug_aranges
                0x000001b0       0x28 ./Core/Src/system_stm32f1xx.o
 .debug_aranges
                0x000001d8       0x28 ./Core/Startup/startup_stm32f103c8tx.o
 .debug_aranges
                0x00000200       0xe0 ./Drivers/STM32F1xx_HAL_Driver/Src/stm32f1xx_hal.o
 .debug_aranges
                0x000002e0       0x90 ./Drivers/STM32F1xx_HAL_Driver/Src/stm32f1xx_hal_cortex.o
 .debug_aranges
                0x00000370       0x80 ./Drivers/STM32F1xx_HAL_Driver/Src/stm32f1xx_hal_flash.o
 .debug_aranges
                0x000003f0       0x58 ./Drivers/STM32F1xx_HAL_Driver/Src/stm32f1xx_hal_flash_ex.o
 .debug_aranges
                0x00000448       0x58 ./Drivers/STM32F1xx_HAL_Driver/Src/stm32f1xx_hal_gpio.o
 .debug_aranges
                0x000004a0       0x88 ./Drivers/STM32F1xx_HAL_Driver/Src/stm32f1xx_hal_rcc.o
 .debug_aranges
                0x00000528      0x1f0 ./Drivers/STM32F1xx_HAL_Driver/Src/stm32f1xx_hal_uart.o
 .debug_aranges
                0x00000718       0x70 ./mbedtls/library/aes.o
 .debug_aranges
                0x00000788       0x20 ./mbedtls/library/platform_util.o
 .debug_aranges
                0x000007a8       0x80 ./mbedtls/library/sha256.o

.debug_rnglists
                0x00000000      0x8a5
 .debug_rnglists
                0x00000000      0x125 ./Core/Src/bootloader.o
 .debug_rnglists
                0x00000125       0x37 ./Core/Src/crc.o
 .debug_rnglists
                0x0000015c       0x50 ./Core/Src/main.o
 .debug_rnglists
                0x000001ac       0x71 ./Core/Src/stm32f1xx_hal_msp.o
 .debug_rnglists
                0x0000021d       0x43 ./Core/Src/stm32f1xx_it.o
 .debug_rnglists
                0x00000260       0x13 ./Core/Src/sysmem.o
 .debug_rnglists
                0x00000273       0x19 ./Core/Src/system_stm32f1xx.o
 .debug_rnglists
                0x0000028c       0x19 ./Core/Startup/startup_stm32f103c8tx.o
 .debug_rnglists
                0x000002a5       0xa3 ./Drivers/STM32F1xx_HAL_Driver/Src/stm32f1xx_hal.o
 .debug_rnglists
                0x00000348       0xd3 ./Drivers/STM32F1xx_HAL_Driver/Src/stm32f1xx_hal_cortex.o
 .debug_rnglists
                0x0000041b       0x8a ./Drivers/STM32F1xx_HAL_Driver/Src/stm32f1xx_hal_flash.o
 .debug_rnglists
                0x000004a5       0xa6 ./Drivers/STM32F1xx_HAL_Driver/Src/stm32f1xx_hal_flash_ex.o
 .debug_rnglists
                0x0000054b       0x52 ./Drivers/STM32F1xx_HAL_Driver/Src/stm32f1xx_hal_gpio.o
 .debug_rnglists
                0x0000059d       0x85 ./Drivers/STM32F1xx_HAL_Driver/Src/stm32f1xx_hal_rcc.o
 .debug_rnglists
                0x00000622      0x1bd ./Drivers/STM32F1xx_HAL_Driver/Src/stm32f1xx_hal_uart.o
 .debug_rnglists
                0x000007df       0x55 ./mbedtls/library/aes.o
 .debug_rnglists
                0x00000834       0x13 ./mbedtls/library/platform_util.o
 .debug_rnglists
                0x00000847       0x5e ./mbedtls/library/sha256.o

.debug_macro    0x00000000    0x188f1
 .debug_macro   0x00000000      0x38f ./Core/Src/bootloader.o
 .debug_macro   0x0000038f      0xaae ./Core/Src/bootloader.o
 .debug_macro   0x00000e3d      0x215 ./Core/Src/bootloader.o
 .debug_macro   0x00001052       0x2e ./Core/Src/bootloader.o
 .debug_macro   0x00001080       0x22 ./Core/Src/bootloader.o
 .debug_macro   0x000010a2       0x22 ./Core/Src/bootloader.o
 .debug_macro   0x000010c4       0x8e ./Core/Src/bootloader.o
 .debug_macro   0x00001152       0x51 ./Core/Src/bootloader.o
 .debug_macro   0x000011a3      0x103 ./Core/Src/bootloader.o
 .debug_macro   0x000012a6       0x6a ./Core/Src/bootloader.o
 .debug_macro   0x00001310      0x1df ./Core/Src/bootloader.o
 .debug_macro   0x000014ef       0x1c ./Core/Src/bootloader.o
 .debug_macro   0x0000150b       0x22 ./Core/Src/bootloader.o
 .debug_macro   0x0000152d       0xbd ./Core/Src/bootloader.o
 .debug_macro   0x000015ea      0xd23 ./Core/Src/bootloader.o
 .debug_macro   0x0000230d     0xe09e ./Core/Src/bootloader.o
 .debug_macro   0x000103ab       0x6d ./Core/Src/bootloader.o
 .debug_macro   0x00010418     0x34a2 ./Core/Src/bootloader.o
 .debug_macro   0x000138ba      0x189 ./Core/Src/bootloader.o
 .debug_macro   0x00013a43       0x5c ./Core/Src/bootloader.o
 .debug_macro   0x00013a9f      0x5bc ./Core/Src/bootloader.o
 .debug_macro   0x0001405b      0x289 ./Core/Src/bootloader.o
 .debug_macro   0x000142e4      0x1cb ./Core/Src/bootloader.o
 .debug_macro   0x000144af      0x114 ./Core/Src/bootloader.o
 .debug_macro   0x000145c3      0x1b2 ./Core/Src/bootloader.o
 .debug_macro   0x00014775       0x27 ./Core/Src/bootloader.o
 .debug_macro   0x0001479c      0x136 ./Core/Src/bootloader.o
 .debug_macro   0x000148d2      0x1bc ./Core/Src/bootloader.o
 .debug_macro   0x00014a8e       0x34 ./Core/Src/bootloader.o
 .debug_macro   0x00014ac2       0x3c ./Core/Src/bootloader.o
 .debug_macro   0x00014afe       0x57 ./Core/Src/bootloader.o
 .debug_macro   0x00014b55       0x87 ./Core/Src/bootloader.o
 .debug_macro   0x00014bdc      0x240 ./Core/Src/bootloader.o
 .debug_macro   0x00014e1c      0x140 ./Core/Src/bootloader.o
 .debug_macro   0x00014f5c      0x28e ./Core/Src/bootloader.o
 .debug_macro   0x000151ea       0x83 ./Core/Src/bootloader.o
 .debug_macro   0x0001526d       0x61 ./Core/Src/bootloader.o
 .debug_macro   0x000152ce       0x24 ./Core/Src/bootloader.o
 .debug_macro   0x000152f2       0x43 ./Core/Src/bootloader.o
 .debug_macro   0x00015335       0x34 ./Core/Src/bootloader.o
 .debug_macro   0x00015369       0x16 ./Core/Src/bootloader.o
 .debug_macro   0x0001537f       0x35 ./Core/Src/bootloader.o
 .debug_macro   0x000153b4      0x369 ./Core/Src/bootloader.o
 .debug_macro   0x0001571d       0x10 ./Core/Src/bootloader.o
 .debug_macro   0x0001572d       0x16 ./Core/Src/bootloader.o
 .debug_macro   0x00015743       0x43 ./Core/Src/bootloader.o
 .debug_macro   0x00015786       0x34 ./Core/Src/bootloader.o
 .debug_macro   0x000157ba       0x10 ./Core/Src/bootloader.o
 .debug_macro   0x000157ca       0x58 ./Core/Src/bootloader.o
 .debug_macro   0x00015822       0x8e ./Core/Src/bootloader.o
 .debug_macro   0x000158b0       0x1c ./Core/Src/bootloader.o
 .debug_macro   0x000158cc      0x177 ./Core/Src/bootloader.o
 .debug_macro   0x00015a43       0x16 ./Core/Src/bootloader.o
 .debug_macro   0x00015a59       0x16 ./Core/Src/bootloader.o
 .debug_macro   0x00015a6f      0x146 ./Core/Src/bootloader.o
 .debug_macro   0x00015bb5       0x16 ./Core/Src/bootloader.o
 .debug_macro   0x00015bcb       0x16 ./Core/Src/bootloader.o
 .debug_macro   0x00015be1       0x29 ./Core/Src/bootloader.o
 .debug_macro   0x00015c0a       0x4c ./Core/Src/bootloader.o
 .debug_macro   0x00015c56       0x16 ./Core/Src/bootloader.o
 .debug_macro   0x00015c6c       0x20 ./Core/Src/bootloader.o
 .debug_macro   0x00015c8c       0x70 ./Core/Src/bootloader.o
 .debug_macro   0x00015cfc       0x52 ./Core/Src/bootloader.o
 .debug_macro   0x00015d4e       0x16 ./Core/Src/bootloader.o
 .debug_macro   0x00015d64      0x12a ./Core/Src/bootloader.o
 .debug_macro   0x00015e8e       0x7c ./Core/Src/bootloader.o
 .debug_macro   0x00015f0a       0x17 ./Core/Src/bootloader.o
 .debug_macro   0x00015f21      0x118 ./Core/Src/bootloader.o
 .debug_macro   0x00016039       0x12 ./Core/Src/bootloader.o
 .debug_macro   0x0001604b       0x41 ./Core/Src/bootloader.o
 .debug_macro   0x0001608c       0x3c ./Core/Src/bootloader.o
 .debug_macro   0x000160c8       0x2c ./Core/Src/bootloader.o
 .debug_macro   0x000160f4      0x14d ./Core/Src/crc.o
 .debug_macro   0x00016241       0x5b ./Core/Src/crc.o
 .debug_macro   0x0001629c       0x94 ./Core/Src/crc.o
 .debug_macro   0x00016330       0x57 ./Core/Src/crc.o
 .debug_macro   0x00016387       0x9e ./Core/Src/crc.o
 .debug_macro   0x00016425      0x10b ./Core/Src/crc.o
 .debug_macro   0x00016530      0x397 ./Core/Src/main.o
 .debug_macro   0x000168c7       0x56 ./Core/Src/main.o
 .debug_macro   0x0001691d      0x198 ./Core/Src/stm32f1xx_hal_msp.o
 .debug_macro   0x00016ab5      0x1a2 ./Core/Src/stm32f1xx_it.o
 .debug_macro   0x00016c57       0xff ./Core/Src/sysmem.o
 .debug_macro   0x00016d56      0x23c ./Core/Src/sysmem.o
 .debug_macro   0x00016f92      0x18e ./Core/Src/system_stm32f1xx.o
 .debug_macro   0x00017120      0x1b2 ./Drivers/STM32F1xx_HAL_Driver/Src/stm32f1xx_hal.o
 .debug_macro   0x000172d2      0x18e ./Drivers/STM32F1xx_HAL_Driver/Src/stm32f1xx_hal_cortex.o
 .debug_macro   0x00017460      0x18e ./Drivers/STM32F1xx_HAL_Driver/Src/stm32f1xx_hal_flash.o
 .debug_macro   0x000175ee      0x1a0 ./Drivers/STM32F1xx_HAL_Driver/Src/stm32f1xx_hal_flash_ex.o
 .debug_macro   0x0001778e      0x1f9 ./Drivers/STM32F1xx_HAL_Driver/Src/stm32f1xx_hal_gpio.o
 .debug_macro   0x00017987      0x1a0 ./Drivers/STM32F1xx_HAL_Driver/Src/stm32f1xx_hal_rcc.o
 .debug_macro   0x00017b27      0x18f ./Drivers/STM32F1xx_HAL_Driver/Src/stm32f1xx_hal_uart.o
 .debug_macro   0x00017cb6      0x377 ./mbedtls/library/aes.o
 .debug_macro   0x0001802d       0x8b ./mbedtls/library/aes.o
 .debug_macro   0x000180b8       0x10 ./mbedtls/library/aes.o
 .debug_macro   0x000180c8       0x16 ./mbedtls/library/aes.o
 .debug_macro   0x000180de       0x10 ./mbedtls/library/aes.o
 .debug_macro   0x000180ee       0x91 ./mbedtls/library/aes.o
 .debug_macro   0x0001817f       0x17 ./mbedtls/library/aes.o
 .debug_macro   0x00018196      0x2a5 ./mbedtls/library/platform_util.o
 .debug_macro   0x0001843b       0x5c ./mbedtls/library/platform_util.o
 .debug_macro   0x00018497       0xb8 ./mbedtls/library/platform_util.o
 .debug_macro   0x0001854f       0x16 ./mbedtls/library/platform_util.o
 .debug_macro   0x00018565      0x12a ./mbedtls/library/platform_util.o
 .debug_macro   0x0001868f       0x22 ./mbedtls/library/platform_util.o
 .debug_macro   0x000186b1       0x1c ./mbedtls/library/platform_util.o
 .debug_macro   0x000186cd      0x224 ./mbedtls/library/sha256.o

.debug_line     0x00000000     0xf65a
 .debug_line    0x00000000     0x1385 ./Core/Src/bootloader.o
 .debug_line    0x00001385      0x590 ./Core/Src/crc.o
 .debug_line    0x00001915      0xbf6 ./Core/Src/main.o
 .debug_line    0x0000250b      0x781 ./Core/Src/stm32f1xx_hal_msp.o
 .debug_line    0x00002c8c      0x714 ./Core/Src/stm32f1xx_it.o
 .debug_line    0x000033a0      0x4e8 ./Core/Src/sysmem.o
 .debug_line    0x00003888      0x69f ./Core/Src/system_stm32f1xx.o
 .debug_line    0x00003f27       0x78 ./Core/Startup/startup_stm32f103c8tx.o
 .debug_line    0x00003f9f      0x954 ./Drivers/STM32F1xx_HAL_Driver/Src/stm32f1xx_hal.o
 .debug_line    0x000048f3      0xaed ./Drivers/STM32F1xx_HAL_Driver/Src/stm32f1xx_hal_cortex.o
 .debug_line    0x000053e0      0xbb5 ./Drivers/STM32F1xx_HAL_Driver/Src/stm32f1xx_hal_flash.o
 .debug_line    0x00005f95      0xd13 ./Drivers/STM32F1xx_HAL_Driver/Src/stm32f1xx_hal_flash_ex.o
 .debug_line    0x00006ca8      0x9e0 ./Drivers/STM32F1xx_HAL_Driver/Src/stm32f1xx_hal_gpio.o
 .debug_line    0x00007688      0xfcf ./Drivers/STM32F1xx_HAL_Driver/Src/stm32f1xx_hal_rcc.o
 .debug_line    0x00008657     0x44a7 ./Drivers/STM32F1xx_HAL_Driver/Src/stm32f1xx_hal_uart.o
 .debug_line    0x0000cafe     0x16f4 ./mbedtls/library/aes.o
 .debug_line    0x0000e1f2      0x73c ./mbedtls/library/platform_util.o
 .debug_line    0x0000e92e      0xd2c ./mbedtls/library/sha256.o

.debug_str      0x00000000    0x868a6
 .debug_str     0x00000000    0x81be8 ./Core/Src/bootloader.o
                              0x820d3 (size before relaxing)
 .debug_str     0x00081be8       0x19 ./Core/Src/crc.o
                               0x7831 (size before relaxing)
 .debug_str     0x00081c01      0x235 ./Core/Src/main.o
                              0x819c3 (size before relaxing)
 .debug_str     0x00081e36       0xdf ./Core/Src/stm32f1xx_hal_msp.o
                              0x7ce5c (size before relaxing)
 .debug_str     0x00081f15       0xc9 ./Core/Src/stm32f1xx_it.o
                              0x7c9d4 (size before relaxing)
 .debug_str     0x00081fde      0x4dc ./Core/Src/sysmem.o
                               0x6091 (size before relaxing)
 .debug_str     0x000824ba       0x7e ./Core/Src/system_stm32f1xx.o
                              0x7c9ea (size before relaxing)
 .debug_str     0x00082538       0x44 ./Core/Startup/startup_stm32f103c8tx.o
                                 0x89 (size before relaxing)
 .debug_str     0x0008257c      0x5da ./Drivers/STM32F1xx_HAL_Driver/Src/stm32f1xx_hal.o
                              0x7d11d (size before relaxing)
 .debug_str     0x00082b56      0x2af ./Drivers/STM32F1xx_HAL_Driver/Src/stm32f1xx_hal_cortex.o
                              0x7d069 (size before relaxing)
 .debug_str     0x00082e05      0x259 ./Drivers/STM32F1xx_HAL_Driver/Src/stm32f1xx_hal_flash.o
                              0x7ccc5 (size before relaxing)
 .debug_str     0x0008305e      0x294 ./Drivers/STM32F1xx_HAL_Driver/Src/stm32f1xx_hal_flash_ex.o
                              0x7ce73 (size before relaxing)
 .debug_str     0x000832f2      0x322 ./Drivers/STM32F1xx_HAL_Driver/Src/stm32f1xx_hal_gpio.o
                              0x7cd70 (size before relaxing)
 .debug_str     0x00083614      0x229 ./Drivers/STM32F1xx_HAL_Driver/Src/stm32f1xx_hal_rcc.o
                              0x7ce19 (size before relaxing)
 .debug_str     0x0008383d      0x646 ./Drivers/STM32F1xx_HAL_Driver/Src/stm32f1xx_hal_uart.o
                              0x7d48a (size before relaxing)
 .debug_str     0x00083e83     0x24f1 ./mbedtls/library/aes.o
                               0xaa65 (size before relaxing)
 .debug_str     0x00086374      0x141 ./mbedtls/library/platform_util.o
                               0x9920 (size before relaxing)
 .debug_str     0x000864b5      0x3f1 ./mbedtls/library/sha256.o
                               0x910a (size before relaxing)

.comment        0x00000000       0x43
 .comment       0x00000000       0x43 ./Core/Src/bootloader.o
                                 0x44 (size before relaxing)
 .comment       0x00000043       0x44 ./Core/Src/crc.o
 .comment       0x00000043       0x44 ./Core/Src/main.o
 .comment       0x00000043       0x44 ./Core/Src/stm32f1xx_hal_msp.o
 .comment       0x00000043       0x44 ./Core/Src/stm32f1xx_it.o
 .comment       0x00000043       0x44 ./Core/Src/sysmem.o
 .comment       0x00000043       0x44 ./Core/Src/system_stm32f1xx.o
 .comment       0x00000043       0x44 ./Drivers/STM32F1xx_HAL_Driver/Src/stm32f1xx_hal.o
 .comment       0x00000043       0x44 ./Drivers/STM32F1xx_HAL_Driver/Src/stm32f1xx_hal_cortex.o
 .comment       0x00000043       0x44 ./Drivers/STM32F1xx_HAL_Driver/Src/stm32f1xx_hal_flash.o
 .comment       0x00000043       0x44 ./Drivers/STM32F1xx_HAL_Driver/Src/stm32f1xx_hal_flash_ex.o
 .comment       0x00000043       0x44 ./Drivers/STM32F1xx_HAL_Driver/Src/stm32f1xx_hal_gpio.o
 .comment       0x00000043       0x44 ./Drivers/STM32F1xx_HAL_Driver/Src/stm32f1xx_hal_rcc.o
 .comment       0x00000043       0x44 ./Drivers/STM32F1xx_HAL_Driver/Src/stm32f1xx_hal_uart.o
 .comment       0x00000043       0x44 ./mbedtls/library/aes.o
 .comment       0x00000043       0x44 ./mbedtls/library/platform_util.o
 .comment       0x00000043       0x44 ./mbedtls/library/sha256.o

.debug_frame    0x00000000     0x194c
 .debug_frame   0x00000000      0x230 ./Core/Src/bootloader.o
 .debug_frame   0x00000230       0x4c ./Core/Src/crc.o
 .debug_frame   0x0000027c       0x5c ./Core/Src/main.o
 .debug_frame   0x000002d8       0x58 ./Core/Src/stm32f1xx_hal_msp.o
 .debug_frame   0x00000330       0xa0 ./Core/Src/stm32f1xx_it.o
 .debug_frame   0x000003d0       0x28 ./Core/Src/sysmem.o
 .debug_frame   0x000003f8       0x30 ./Core/Src/system_stm32f1xx.o
 .debug_frame   0x00000428      0x1d4 ./Drivers/STM32F1xx_HAL_Driver/Src/stm32f1xx_hal.o
 .debug_frame   0x000005fc      0x120 ./Drivers/STM32F1xx_HAL_Driver/Src/stm32f1xx_hal_cortex.o
 .debug_frame   0x0000071c      0x11c ./Drivers/STM32F1xx_HAL_Driver/Src/stm32f1xx_hal_flash.o
 .debug_frame   0x00000838       0xdc ./Drivers/STM32F1xx_HAL_Driver/Src/stm32f1xx_hal_flash_ex.o
 .debug_frame   0x00000914       0xd8 ./Drivers/STM32F1xx_HAL_Driver/Src/stm32f1xx_hal_gpio.o
 .debug_frame   0x000009ec      0x13c ./Drivers/STM32F1xx_HAL_Driver/Src/stm32f1xx_hal_rcc.o
 .debug_frame   0x00000b28      0x598 ./Drivers/STM32F1xx_HAL_Driver/Src/stm32f1xx_hal_uart.o
 .debug_frame   0x000010c0      0x17c ./mbedtls/library/aes.o
 .debug_frame   0x0000123c       0x20 ./mbedtls/library/platform_util.o
 .debug_frame   0x0000125c      0x14c ./mbedtls/library/sha256.o
 .debug_frame   0x000013a8      0x144 /opt/st/stm32cubeide_1.16.0/plugins/com.st.stm32cube.ide.mcu.externaltools.gnu-tools-for-stm32.12.3.rel1.linux64_1.0.200.202406132123/tools/bin/../lib/gcc/arm-none-eabi/12.3.1/../../../../arm-none-eabi/lib/thumb/v7-m/nofp/libc_nano.a(libc_a-findfp.o)
 .debug_frame   0x000014ec       0x3c /opt/st/stm32cubeide_1.16.0/plugins/com.st.stm32cube.ide.mcu.externaltools.gnu-tools-for-stm32.12.3.rel1.linux64_1.0.200.202406132123/tools/bin/../lib/gcc/arm-none-eabi/12.3.1/../../../../arm-none-eabi/lib/thumb/v7-m/nofp/libc_nano.a(libc_a-vsprintf.o)
 .debug_frame   0x00001528       0x28 /opt/st/stm32cubeide_1.16.0/plugins/com.st.stm32cube.ide.mcu.externaltools.gnu-tools-for-stm32.12.3.rel1.linux64_1.0.200.202406132123/tools/bin/../lib/gcc/arm-none-eabi/12.3.1/../../../../arm-none-eabi/lib/thumb/v7-m/nofp/libc_nano.a(libc_a-memcmp.o)
 .debug_frame   0x00001550       0x20 /opt/st/stm32cubeide_1.16.0/plugins/com.st.stm32cube.ide.mcu.externaltools.gnu-tools-for-stm32.12.3.rel1.linux64_1.0.200.202406132123/tools/bin/../lib/gcc/arm-none-eabi/12.3.1/../../../../arm-none-eabi/lib/thumb/v7-m/nofp/libc_nano.a(libc_a-memset.o)
 .debug_frame   0x00001570       0x38 /opt/st/stm32cubeide_1.16.0/plugins/com.st.stm32cube.ide.mcu.externaltools.gnu-tools-for-stm32.12.3.rel1.linux64_1.0.200.202406132123/tools/bin/../lib/gcc/arm-none-eabi/12.3.1/../../../../arm-none-eabi/lib/thumb/v7-m/nofp/libc_nano.a(libc_a-reent.o)
 .debug_frame   0x000015a8       0x20 /opt/st/stm32cubeide_1.16.0/plugins/com.st.stm32cube.ide.mcu.externaltools.gnu-tools-for-stm32.12.3.rel1.linux64_1.0.200.202406132123/tools/bin/../lib/gcc/arm-none-eabi/12.3.1/../../../../arm-none-eabi/lib/thumb/v7-m/nofp/libc_nano.a(libc_a-errno.o)
 .debug_frame   0x000015c8       0x2c /opt/st/stm32cubeide_1.16.0/plugins/com.st.stm32cube.ide.mcu.externaltools.gnu-tools-for-stm32.12.3.rel1.linux64_1.0.200.202406132123/tools/bin/../lib/gcc/arm-none-eabi/12.3.1/../../../../arm-none-eabi/lib/thumb/v7-m/nofp/libc_nano.a(libc_a-init.o)
 .debug_frame   0x000015f4       0xb0 /opt/st/stm32cubeide_1.16.0/plugins/com.st.stm32cube.ide.mcu.externaltools.gnu-tools-for-stm32.12.3.rel1.linux64_1.0.200.202406132123/tools/bin/../lib/gcc/arm-none-eabi/12.3.1/../../../../arm-none-eabi/lib/thumb/v7-m/nofp/libc_nano.a(libc_a-lock.o)
 .debug_frame   0x000016a4       0x28 /opt/st/stm32cubeide_1.16.0/plugins/com.st.stm32cube.ide.mcu.externaltools.gnu-tools-for-stm32.12.3.rel1.linux64_1.0.200.202406132123/tools/bin/../lib/gcc/arm-none-eabi/12.3.1/../../../../arm-none-eabi/lib/thumb/v7-m/nofp/libc_nano.a(libc_a-memcpy-stub.o)
 .debug_frame   0x000016cc       0x38 /opt/st/stm32cubeide_1.16.0/plugins/com.st.stm32cube.ide.mcu.externaltools.gnu-tools-for-stm32.12.3.rel1.linux64_1.0.200.202406132123/tools/bin/../lib/gcc/arm-none-eabi/12.3.1/../../../../arm-none-eabi/lib/thumb/v7-m/nofp/libc_nano.a(libc_a-freer.o)
 .debug_frame   0x00001704       0x50 /opt/st/stm32cubeide_1.16.0/plugins/com.st.stm32cube.ide.mcu.externaltools.gnu-tools-for-stm32.12.3.rel1.linux64_1.0.200.202406132123/tools/bin/../lib/gcc/arm-none-eabi/12.3.1/../../../../arm-none-eabi/lib/thumb/v7-m/nofp/libc_nano.a(libc_a-mallocr.o)
 .debug_frame   0x00001754       0x30 /opt/st/stm32cubeide_1.16.0/plugins/com.st.stm32cube.ide.mcu.externaltools.gnu-tools-for-stm32.12.3.rel1.linux64_1.0.200.202406132123/tools/bin/../lib/gcc/arm-none-eabi/12.3.1/../../../../arm-none-eabi/lib/thumb/v7-m/nofp/libc_nano.a(libc_a-mlock.o)
 .debug_frame   0x00001784       0x90 /opt/st/stm32cubeide_1.16.0/plugins/com.st.stm32cube.ide.mcu.externaltools.gnu-tools-for-stm32.12.3.rel1.linux64_1.0.200.202406132123/tools/bin/../lib/gcc/arm-none-eabi/12.3.1/../../../../arm-none-eabi/lib/thumb/v7-m/nofp/libc_nano.a(libc_a-nano-svfprintf.o)
 .debug_frame   0x00001814       0x60 /opt/st/stm32cubeide_1.16.0/plugins/com.st.stm32cube.ide.mcu.externaltools.gnu-tools-for-stm32.12.3.rel1.linux64_1.0.200.202406132123/tools/bin/../lib/gcc/arm-none-eabi/12.3.1/../../../../arm-none-eabi/lib/thumb/v7-m/nofp/libc_nano.a(libc_a-nano-vfprintf_i.o)
 .debug_frame   0x00001874       0x28 /opt/st/stm32cubeide_1.16.0/plugins/com.st.stm32cube.ide.mcu.externaltools.gnu-tools-for-stm32.12.3.rel1.linux64_1.0.200.202406132123/tools/bin/../lib/gcc/arm-none-eabi/12.3.1/../../../../arm-none-eabi/lib/thumb/v7-m/nofp/libc_nano.a(libc_a-memmove.o)
 .debug_frame   0x0000189c       0x2c /opt/st/stm32cubeide_1.16.0/plugins/com.st.stm32cube.ide.mcu.externaltools.gnu-tools-for-stm32.12.3.rel1.linux64_1.0.200.202406132123/tools/bin/../lib/gcc/arm-none-eabi/12.3.1/../../../../arm-none-eabi/lib/thumb/v7-m/nofp/libc_nano.a(libc_a-sbrkr.o)
 .debug_frame   0x000018c8       0x28 /opt/st/stm32cubeide_1.16.0/plugins/com.st.stm32cube.ide.mcu.externaltools.gnu-tools-for-stm32.12.3.rel1.linux64_1.0.200.202406132123/tools/bin/../lib/gcc/arm-none-eabi/12.3.1/../../../../arm-none-eabi/lib/thumb/v7-m/nofp/libc_nano.a(libc_a-memchr-stub.o)
 .debug_frame   0x000018f0       0x3c /opt/st/stm32cubeide_1.16.0/plugins/com.st.stm32cube.ide.mcu.externaltools.gnu-tools-for-stm32.12.3.rel1.linux64_1.0.200.202406132123/tools/bin/../lib/gcc/arm-none-eabi/12.3.1/../../../../arm-none-eabi/lib/thumb/v7-m/nofp/libc_nano.a(libc_a-reallocr.o)
 .debug_frame   0x0000192c       0x20 /opt/st/stm32cubeide_1.16.0/plugins/com.st.stm32cube.ide.mcu.externaltools.gnu-tools-for-stm32.12.3.rel1.linux64_1.0.200.202406132123/tools/bin/../lib/gcc/arm-none-eabi/12.3.1/../../../../arm-none-eabi/lib/thumb/v7-m/nofp/libc_nano.a(libc_a-msizer.o)

.debug_line_str
                0x00000000       0x6d
 .debug_line_str
                0x00000000       0x6d ./Core/Startup/startup_stm32f103c8tx.o
