../mbedtls/library/sha256.c:53:6:mbedtls_sha256_init	0	static
../mbedtls/library/sha256.c:60:6:mbedtls_sha256_free	0	static
../mbedtls/library/sha256.c:68:6:mbedtls_sha256_clone	8	static
../mbedtls/library/sha256.c:80:5:mbedtls_sha256_starts_ret	24	static
../mbedtls/library/sha256.c:119:6:mbedtls_sha256_starts	0	static
../mbedtls/library/sha256.c:173:5:mbedtls_internal_sha256_process	360	static
../mbedtls/library/sha256.c:262:6:mbedtls_sha256_process	0	static
../mbedtls/library/sha256.c:273:5:mbedtls_sha256_update_ret	32	static
../mbedtls/library/sha256.c:324:6:mbedtls_sha256_update	0	static
../mbedtls/library/sha256.c:335:5:mbedtls_sha256_finish_ret	16	static
../mbedtls/library/sha256.c:399:6:mbedtls_sha256_finish	0	static
../mbedtls/library/sha256.c:411:5:mbedtls_sha256_ret	136	static
../mbedtls/library/sha256.c:441:6:mbedtls_sha256	0	static
